Component: ARM Compiler 5.06 update 5 (build 528) Tool: armlink [4d35e2]

==============================================================================

Section Cross References

    startup_stm32f407xx.o(RESET) refers to startup_stm32f407xx.o(STACK) for __initial_sp
    startup_stm32f407xx.o(RESET) refers to startup_stm32f407xx.o(.text) for Reset_Handler
    startup_stm32f407xx.o(RESET) refers to stm32f4xx_it.o(i.NMI_Handler) for NMI_Handler
    startup_stm32f407xx.o(RESET) refers to stm32f4xx_it.o(i.HardFault_Handler) for HardFault_Handler
    startup_stm32f407xx.o(RESET) refers to stm32f4xx_it.o(i.MemManage_Handler) for MemManage_Handler
    startup_stm32f407xx.o(RESET) refers to stm32f4xx_it.o(i.BusFault_Handler) for BusFault_Handler
    startup_stm32f407xx.o(RESET) refers to stm32f4xx_it.o(i.UsageFault_Handler) for UsageFault_Handler
    startup_stm32f407xx.o(RESET) refers to stm32f4xx_it.o(i.SVC_Handler) for SVC_Handler
    startup_stm32f407xx.o(RESET) refers to stm32f4xx_it.o(i.DebugMon_Handler) for DebugMon_Handler
    startup_stm32f407xx.o(RESET) refers to stm32f4xx_it.o(i.PendSV_Handler) for PendSV_Handler
    startup_stm32f407xx.o(RESET) refers to stm32f4xx_it.o(i.SysTick_Handler) for SysTick_Handler
    startup_stm32f407xx.o(RESET) refers to stm32f4xx_it.o(i.TIM2_IRQHandler) for TIM2_IRQHandler
    startup_stm32f407xx.o(.text) refers to system_stm32f4xx.o(i.SystemInit) for SystemInit
    startup_stm32f407xx.o(.text) refers to entry.o(.ARM.Collect$$$$00000000) for __main
    stm32f4xx_hal_flash_ex.o(i.HAL_FLASHEx_Erase) refers to stm32f4xx_hal_flash.o(i.FLASH_WaitForLastOperation) for FLASH_WaitForLastOperation
    stm32f4xx_hal_flash_ex.o(i.HAL_FLASHEx_Erase) refers to stm32f4xx_hal_flash_ex.o(i.FLASH_MassErase) for FLASH_MassErase
    stm32f4xx_hal_flash_ex.o(i.HAL_FLASHEx_Erase) refers to stm32f4xx_hal_flash_ex.o(i.FLASH_Erase_Sector) for FLASH_Erase_Sector
    stm32f4xx_hal_flash_ex.o(i.HAL_FLASHEx_Erase) refers to stm32f4xx_hal_flash_ex.o(i.FLASH_FlushCaches) for FLASH_FlushCaches
    stm32f4xx_hal_flash_ex.o(i.HAL_FLASHEx_Erase) refers to stm32f4xx_hal_flash.o(.bss) for pFlash
    stm32f4xx_hal_flash_ex.o(i.HAL_FLASHEx_Erase_IT) refers to stm32f4xx_hal_flash_ex.o(i.FLASH_Erase_Sector) for FLASH_Erase_Sector
    stm32f4xx_hal_flash_ex.o(i.HAL_FLASHEx_Erase_IT) refers to stm32f4xx_hal_flash_ex.o(i.FLASH_MassErase) for FLASH_MassErase
    stm32f4xx_hal_flash_ex.o(i.HAL_FLASHEx_Erase_IT) refers to stm32f4xx_hal_flash.o(.bss) for pFlash
    stm32f4xx_hal_flash_ex.o(i.HAL_FLASHEx_OBProgram) refers to stm32f4xx_hal_flash.o(i.FLASH_WaitForLastOperation) for FLASH_WaitForLastOperation
    stm32f4xx_hal_flash_ex.o(i.HAL_FLASHEx_OBProgram) refers to stm32f4xx_hal_flash.o(.bss) for pFlash
    stm32f4xx_hal_pwr.o(i.HAL_PWR_PVD_IRQHandler) refers to stm32f4xx_hal_pwr.o(i.HAL_PWR_PVDCallback) for HAL_PWR_PVDCallback
    stm32f4xx_hal_rcc_ex.o(i.HAL_RCCEx_PeriphCLKConfig) refers to stm32f4xx_hal.o(i.HAL_GetTick) for HAL_GetTick
    stm32f4xx_hal_rcc_ex.o(i.HAL_RCC_DeInit) refers to system_stm32f4xx.o(.data) for SystemCoreClock
    stm32f4xx_hal_gpio.o(i.HAL_GPIO_EXTI_IRQHandler) refers to stm32f4xx_hal_gpio.o(i.HAL_GPIO_EXTI_Callback) for HAL_GPIO_EXTI_Callback
    stm32f4xx_hal_dma.o(i.DMA_CalcBaseAndBitshift) refers to stm32f4xx_hal_dma.o(.constdata) for .constdata
    stm32f4xx_hal_dma.o(i.HAL_DMA_Abort) refers to stm32f4xx_hal.o(i.HAL_GetTick) for HAL_GetTick
    stm32f4xx_hal_dma.o(i.HAL_DMA_DeInit) refers to stm32f4xx_hal_dma.o(i.DMA_CalcBaseAndBitshift) for DMA_CalcBaseAndBitshift
    stm32f4xx_hal_dma.o(i.HAL_DMA_IRQHandler) refers to system_stm32f4xx.o(.data) for SystemCoreClock
    stm32f4xx_hal_dma.o(i.HAL_DMA_Init) refers to stm32f4xx_hal.o(i.HAL_GetTick) for HAL_GetTick
    stm32f4xx_hal_dma.o(i.HAL_DMA_Init) refers to stm32f4xx_hal_dma.o(i.DMA_CheckFifoParam) for DMA_CheckFifoParam
    stm32f4xx_hal_dma.o(i.HAL_DMA_Init) refers to stm32f4xx_hal_dma.o(i.DMA_CalcBaseAndBitshift) for DMA_CalcBaseAndBitshift
    stm32f4xx_hal_dma.o(i.HAL_DMA_PollForTransfer) refers to stm32f4xx_hal.o(i.HAL_GetTick) for HAL_GetTick
    stm32f4xx_hal_dma.o(i.HAL_DMA_PollForTransfer) refers to stm32f4xx_hal_dma.o(i.HAL_DMA_Abort) for HAL_DMA_Abort
    stm32f4xx_hal_dma.o(i.HAL_DMA_Start) refers to stm32f4xx_hal_dma.o(i.DMA_SetConfig) for DMA_SetConfig
    stm32f4xx_hal_dma.o(i.HAL_DMA_Start_IT) refers to stm32f4xx_hal_dma.o(i.DMA_SetConfig) for DMA_SetConfig
    stm32f4xx_hal_flash.o(i.FLASH_SetErrorCode) refers to stm32f4xx_hal_flash.o(.bss) for .bss
    stm32f4xx_hal_flash.o(i.FLASH_WaitForLastOperation) refers to stm32f4xx_hal.o(i.HAL_GetTick) for HAL_GetTick
    stm32f4xx_hal_flash.o(i.FLASH_WaitForLastOperation) refers to stm32f4xx_hal_flash.o(i.FLASH_SetErrorCode) for FLASH_SetErrorCode
    stm32f4xx_hal_flash.o(i.FLASH_WaitForLastOperation) refers to stm32f4xx_hal_flash.o(.bss) for .bss
    stm32f4xx_hal_flash.o(i.HAL_FLASH_GetError) refers to stm32f4xx_hal_flash.o(.bss) for .bss
[...]
    0x080036bc   0x080036bc   0x0000009c   Code   RO         3472    i.HAL_RTC_Init      stm32f4xx_hal_rtc.o
    0x08003758   0x08003758   0x00000018   Code   RO         5017    i.HAL_RTC_MspInit   rtc.o
    0x08003770   0x08003770   0x00000078   Code   RO         3232    i.HAL_SD_ConfigWideBusOperation  stm32f4xx_hal_sd.o
    0x080037e8   0x080037e8   0x000001da   Code   RO         3237    i.HAL_SD_GetCardCSD  stm32f4xx_hal_sd.o
    0x080039c2   0x080039c2   0x00000024   Code   RO         3238    i.HAL_SD_GetCardInfo  stm32f4xx_hal_sd.o
    0x080039e6   0x080039e6   0x00000032   Code   RO         3239    i.HAL_SD_GetCardState  stm32f4xx_hal_sd.o
    0x08003a18   0x08003a18   0x00000036   Code   RO         3244    i.HAL_SD_Init       stm32f4xx_hal_sd.o
    0x08003a4e   0x08003a4e   0x00000002   PAD
    0x08003a50   0x08003a50   0x00000054   Code   RO         3245    i.HAL_SD_InitCard   stm32f4xx_hal_sd.o
    0x08003aa4   0x08003aa4   0x00000064   Code   RO         5467    i.HAL_SD_MspInit    sdio.o
    0x08003b08   0x08003b08   0x000001b4   Code   RO         3248    i.HAL_SD_ReadBlocks  stm32f4xx_hal_sd.o
    0x08003cbc   0x08003cbc   0x00000186   Code   RO         3253    i.HAL_SD_WriteBlocks  stm32f4xx_hal_sd.o
    0x08003e42   0x08003e42   0x00000080   Code   RO         2659    i.HAL_SPI_Init      stm32f4xx_hal_spi.o
    0x08003ec2   0x08003ec2   0x00000002   PAD
    0x08003ec4   0x08003ec4   0x0000006c   Code   RO         5395    i.HAL_SPI_MspInit   spi.o
    0x08003f30   0x08003f30   0x00000164   Code   RO         2667    i.HAL_SPI_Transmit  stm32f4xx_hal_spi.o
    0x08004094   0x08004094   0x000001ca   Code   RO         2668    i.HAL_SPI_TransmitReceive  stm32f4xx_hal_spi.o
    0x0800425e   0x0800425e   0x00000056   Code   RO          647    i.HAL_SRAM_Init     stm32f4xx_hal_sram.o
    0x080042b4   0x080042b4   0x00000004   Code   RO         5738    i.HAL_SRAM_MspInit  fsmc.o
    0x080042b8   0x080042b8   0x00000018   Code   RO         1151    i.HAL_SYSTICK_CLKSourceConfig  stm32f4xx_hal_cortex.o
    0x080042d0   0x080042d0   0x00000002   Code   RO         1152    i.HAL_SYSTICK_Callback  stm32f4xx_hal_cortex.o
    0x080042d2   0x080042d2   0x00000028   Code   RO         1153    i.HAL_SYSTICK_Config  stm32f4xx_hal_cortex.o
    0x080042fa   0x080042fa   0x00000008   Code   RO         1154    i.HAL_SYSTICK_IRQHandler  stm32f4xx_hal_cortex.o
    0x08004302   0x08004302   0x00000002   Code   RO         1778    i.HAL_TIMEx_BreakCallback  stm32f4xx_hal_tim_ex.o
    0x08004304   0x08004304   0x00000002   Code   RO         1779    i.HAL_TIMEx_CommutationCallback  stm32f4xx_hal_tim_ex.o
    0x08004306   0x08004306   0x00000050   Code   RO         1795    i.HAL_TIMEx_MasterConfigSynchronization  stm32f4xx_hal_tim_ex.o
    0x08004356   0x08004356   0x00000002   Code   RO         2048    i.HAL_TIM_IC_CaptureCallback  stm32f4xx_hal_tim.o
    0x08004358   0x08004358   0x00000166   Code   RO         2061    i.HAL_TIM_IRQHandler  stm32f4xx_hal_tim.o
    0x080044be   0x080044be   0x00000002   PAD
    0x080044c0   0x080044c0   0x00000030   Code   RO         5556    i.HAL_TIM_MspPostInit  tim.o
    0x080044f0   0x080044f0   0x00000002   Code   RO         2064    i.HAL_TIM_OC_DelayElapsedCallback  stm32f4xx_hal_tim.o
    0x080044f2   0x080044f2   0x000000d0   Code   RO         2085    i.HAL_TIM_PWM_ConfigChannel  stm32f4xx_hal_tim.o
    0x080045c2   0x080045c2   0x00000036   Code   RO         2088    i.HAL_TIM_PWM_Init  stm32f4xx_hal_tim.o
    0x080045f8   0x080045f8   0x00000024   Code   RO         5558    i.HAL_TIM_PWM_MspInit  tim.o
    0x0800461c   0x0800461c   0x00000028   Code   RO         4456    i.HAL_TIM_PWM_PulseFinishedCallback  motor.o
    0x08004644   0x08004644   0x0000006c   Code   RO         2094    i.HAL_TIM_PWM_Start_IT  stm32f4xx_hal_tim.o
    0x080046b0   0x080046b0   0x00000088   Code   RO         2097    i.HAL_TIM_PWM_Stop_IT  stm32f4xx_hal_tim.o
    0x08004738   0x08004738   0x00000002   Code   RO         2098    i.HAL_TIM_PeriodElapsedCallback  stm32f4xx_hal_tim.o
    0x0800473a   0x0800473a   0x00000002   Code   RO         2102    i.HAL_TIM_TriggerCallback  stm32f4xx_hal_tim.o
    0x0800473c   0x0800473c   0x00000062   Code   RO         1477    i.HAL_UART_Init     stm32f4xx_hal_uart.o
    0x0800479e   0x0800479e   0x00000002   PAD
    0x080047a0   0x080047a0   0x0000004c   Code   RO         5509    i.HAL_UART_MspInit  usart.o
    0x080047ec   0x080047ec   0x000000ba   Code   RO         1485    i.HAL_UART_Transmit  stm32f4xx_hal_uart.o
    0x080048a6   0x080048a6   0x00000002   Code   RO         5060    i.HardFault_Handler  stm32f4xx_it.o
    0x080048a8   0x080048a8   0x00000010   Code   RO         3829    i.ILI9341_Delay     ili93xx.o
    0x080048b8   0x080048b8   0x00000198   Code   RO         3830    i.ILI9341_REG_Config  ili93xx.o
    0x08004a50   0x08004a50   0x00000034   Code   RO         3831    i.ILI9341_Rst       ili93xx.o
    0x08004a84   0x08004a84   0x0000008c   Code   RO         3949    i.ImagDisp          ov7725.o
    0x08004b10   0x08004b10   0x00000038   Code   RO         3832    i.LCD_BL_GPIO_Config  ili93xx.o
    0x08004b48   0x08004b48   0x0000001c   Code   RO         7716    i.LCD_Color2Index   STemWin522_CM3_Keil.lib(lcd.o)
    0x08004b64   0x08004b64   0x00000208   Code   RO         7717    i.LCD_DrawBitmap    STemWin522_CM3_Keil.lib(lcd.o)
    0x08004d6c   0x08004d6c   0x00000058   Code   RO         7718    i.LCD_DrawHLine     STemWin522_CM3_Keil.lib(lcd.o)
    0x08004dc4   0x08004dc4   0x00000068   Code   RO         7719    i.LCD_DrawPixel     STemWin522_CM3_Keil.lib(lcd.o)
    0x08004e2c   0x08004e2c   0x00000054   Code   RO         7720    i.LCD_DrawVLine     STemWin522_CM3_Keil.lib(lcd.o)
    0x08004e80   0x08004e80   0x00000058   Code   RO         7721    i.LCD_FillRect      STemWin522_CM3_Keil.lib(lcd.o)
    0x08004ed8   0x08004ed8   0x00000006   Code   RO         7773    i.LCD_GetBitsPerPixelEx  STemWin522_CM3_Keil.lib(lcd_getex.o)
    0x08004ede   0x08004ede   0x00000002   PAD
    0x08004ee0   0x08004ee0   0x00000010   Code   RO         8794    i.LCD_GetBkColorIndex  STemWin522_CM3_Keil.lib(lcd_getcolorindex.o)
    0x08004ef0   0x08004ef0   0x00000010   Code   RO         8795    i.LCD_GetColorIndex  STemWin522_CM3_Keil.lib(lcd_getcolorindex.o)
    0x08004f00   0x08004f00   0x00000010   Code   RO         7780    i.LCD_GetNumColors  STemWin522_CM3_Keil.lib(lcd_getex.o)
    0x08004f10   0x08004f10   0x00000006   Code   RO         7781    i.LCD_GetNumColorsEx  STemWin522_CM3_Keil.lib(lcd_getex.o)
    0x08004f16   0x08004f16   0x0000001a   Code   RO         8322    i.LCD_GetNumLayers  STemWin522_CM3_Keil.lib(lcd_getnumdisplays.o)
    0x08004f30   0x08004f30   0x00000010   Code   RO         7782    i.LCD_GetPalette    STemWin522_CM3_Keil.lib(lcd_getex.o)
    0x08004f40   0x08004f40   0x00000018   Code   RO         7783    i.LCD_GetPaletteEx  STemWin522_CM3_Keil.lib(lcd_getex.o)
    0x08004f58   0x08004f58   0x0000002c   Code   RO         3835    i.LCD_GetPointPixel  ili93xx.o
    0x08004f84   0x08004f84   0x00000006   Code   RO         7795    i.LCD_GetXSizeEx    STemWin522_CM3_Keil.lib(lcd_getex.o)
    0x08004f8a   0x08004f8a   0x00000006   Code   RO         7800    i.LCD_GetYSizeEx    STemWin522_CM3_Keil.lib(lcd_getex.o)
    0x08004f90   0x08004f90   0x00000004   Code   RO         7755    i.LCD_GetpPalConvTableBM  STemWin522_CM3_Keil.lib(lcd_color.o)
    0x08004f94   0x08004f94   0x00000048   Code   RO         7756    i.LCD_GetpPalConvTableUncached  STemWin522_CM3_Keil.lib(lcd_color.o)
    0x08004fdc   0x08004fdc   0x0000006c   Code   RO         3836    i.LCD_GramScan      ili93xx.o
    0x08005048   0x08005048   0x0000001c   Code   RO         7722    i.LCD_Index2Color   STemWin522_CM3_Keil.lib(lcd.o)
    0x08005064   0x08005064   0x0000002c   Code   RO         7714    i.LCD_Index2Color_565  STemWin522_CM3_Keil.lib(guicc_565_index2color.o)
    0x08005090   0x08005090   0x00000020   Code   RO         3837    i.LCD_Init          ili93xx.o
    0x080050b0   0x080050b0   0x00000034   Code   RO         7757    i.LCD_InitColors    STemWin522_CM3_Keil.lib(lcd_color.o)
    0x080050e4   0x080050e4   0x00000070   Code   RO         7758    i.LCD_InitLUT       STemWin522_CM3_Keil.lib(lcd_color.o)
    0x08005154   0x08005154   0x00000040   Code   RO         3838    i.LCD_OpenWindow    ili93xx.o
    0x08005194   0x08005194   0x00000044   Code   RO         8808    i.LCD_SelectLCD     STemWin522_CM3_Keil.lib(lcd_selectlcd.o)
    0x080051d8   0x080051d8   0x0000000c   Code   RO         7723    i.LCD_SetBkColor    STemWin522_CM3_Keil.lib(lcd.o)
    0x080051e4   0x080051e4   0x00000018   Code   RO         7724    i.LCD_SetBkColorIndex  STemWin522_CM3_Keil.lib(lcd.o)
    0x080051fc   0x080051fc   0x00000030   Code   RO         7847    i.LCD_SetClipRectEx  STemWin522_CM3_Keil.lib(lcd_setcliprectex.o)
    0x0800522c   0x0800522c   0x0000001c   Code   RO         7725    i.LCD_SetClipRectMax  STemWin522_CM3_Keil.lib(lcd.o)
    0x08005248   0x08005248   0x0000000c   Code   RO         7726    i.LCD_SetColor      STemWin522_CM3_Keil.lib(lcd.o)
    0x08005254   0x08005254   0x00000018   Code   RO         7727    i.LCD_SetColorIndex  STemWin522_CM3_Keil.lib(lcd.o)
    0x0800526c   0x0800526c   0x00000008   Code   RO         3840    i.LCD_SetCursor     ili93xx.o
    0x08005274   0x08005274   0x0000000c   Code   RO         7728    i.LCD_SetDrawMode   STemWin522_CM3_Keil.lib(lcd.o)
    0x08005280   0x08005280   0x0000002c   Code   RO         6876    i.LCD_SetLUTEntryEx  STemWin522_CM3_Keil.lib(lcd_set.o)
    0x080052ac   0x080052ac   0x0000002c   Code   RO         6880    i.LCD_SetSizeEx     STemWin522_CM3_Keil.lib(lcd_set.o)
    0x080052d8   0x080052d8   0x0000002c   Code   RO         6884    i.LCD_SetVSizeEx    STemWin522_CM3_Keil.lib(lcd_set.o)
    0x08005304   0x08005304   0x00000024   Code   RO         8325    i.LCD_UpdateColorIndices  STemWin522_CM3_Keil.lib(lcd_updatecolorindices.o)
    0x08005328   0x08005328   0x000000bc   Code   RO         5809    i.LCD_X_Config      lcdconf_flexcolor_template.o
    0x080053e4   0x080053e4   0x00000014   Code   RO         5810    i.LCD_X_DisplayDriver  lcdconf_flexcolor_template.o
    0x080053f8   0x080053f8   0x000001b4   Code   RO         7729    i.LCD__DrawBitmap_1bpp  STemWin522_CM3_Keil.lib(lcd.o)
    0x080055ac   0x080055ac   0x0000005c   Code   RO         7804    i.LCD__GetBPP       STemWin522_CM3_Keil.lib(lcd_getex.o)
    0x08005608   0x08005608   0x00000032   Code   RO         7805    i.LCD__GetBPPDevice  STemWin522_CM3_Keil.lib(lcd_getex.o)
    0x0800563a   0x0800563a   0x00000002   PAD
    0x0800563c   0x0800563c   0x00000014   Code   RO         5811    i.LcdReadDataMultiple  lcdconf_flexcolor_template.o
    0x08005650   0x08005650   0x0000000c   Code   RO         5812    i.LcdWriteData      lcdconf_flexcolor_template.o
    0x0800565c   0x0800565c   0x00000014   Code   RO         5813    i.LcdWriteDataMultiple  lcdconf_flexcolor_template.o
    0x08005670   0x08005670   0x00000008   Code   RO         5814    i.LcdWriteReg       lcdconf_flexcolor_template.o
    0x08005678   0x08005678   0x00000056   Code   RO         4600    i.M500PcdConfigISOType  rc522_function.o
    0x080056ce   0x080056ce   0x00000002   PAD
    0x080056d0   0x080056d0   0x00000024   Code   RO         4976    i.MX_CRC_Init       crc.o
    0x080056f4   0x080056f4   0x0000001c   Code   RO         5358    i.MX_FATFS_Init     fatfs.o
    0x08005710   0x08005710   0x00000068   Code   RO         5739    i.MX_FSMC_Init      fsmc.o
    0x08005778   0x08005778   0x0000014c   Code   RO         5712    i.MX_GPIO_Init      gpio.o
    0x080058c4   0x080058c4   0x00000034   Code   RO         5018    i.MX_RTC_Init       rtc.o
    0x080058f8   0x080058f8   0x00000020   Code   RO         5468    i.MX_SDIO_SD_Init   sdio.o
    0x08005918   0x08005918   0x00000048   Code   RO         5396    i.MX_SPI1_Init      spi.o
    0x08005960   0x08005960   0x00000048   Code   RO         5397    i.MX_SPI2_Init      spi.o
    0x080059a8   0x080059a8   0x00000058   Code   RO         4567    i.MX_SPIFlash_Init  rc522_config.o
    0x08005a00   0x08005a00   0x00000094   Code   RO         5559    i.MX_TIM2_Init      tim.o
    0x08005a94   0x08005a94   0x00000038   Code   RO         5510    i.MX_USART1_UART_Init  usart.o
    0x08005acc   0x08005acc   0x00000002   Code   RO         5061    i.MemManage_Handler  stm32f4xx_it.o
    0x08005ace   0x08005ace   0x00000002   Code   RO         5062    i.NMI_Handler       stm32f4xx_it.o
    0x08005ad0   0x08005ad0   0x00000020   Code   RO         1155    i.NVIC_SetPriority  stm32f4xx_hal_cortex.o
    0x08005af0   0x08005af0   0x00000078   Code   RO         3950    i.OV7725_Brightness  ov7725.o
    0x08005b68   0x08005b68   0x00000050   Code   RO         3951    i.OV7725_Color_Saturation  ov7725.o
    0x08005bb8   0x08005bb8   0x00000038   Code   RO         3952    i.OV7725_Contrast   ov7725.o
    0x08005bf0   0x08005bf0   0x0000005c   Code   RO         3954    i.OV7725_Init       ov7725.o
    0x08005c4c   0x08005c4c   0x000000c0   Code   RO         3955    i.OV7725_Light_Mode  ov7725.o
    0x08005d0c   0x08005d0c   0x000000ac   Code   RO         3956    i.OV7725_Special_Effect  ov7725.o
    0x08005db8   0x08005db8   0x000000a4   Code   RO         3957    i.OV7725_Start      ov7725.o
    0x08005e5c   0x08005e5c   0x000000ca   Code   RO         3958    i.OV7725_Window_Set  ov7725.o
    0x08005f26   0x08005f26   0x0000001a   Code   RO         4602    i.PcdAntennaOn      rc522_function.o
    0x08005f40   0x08005f40   0x0000006c   Code   RO         4603    i.PcdAnticoll       rc522_function.o
    0x08005fac   0x08005fac   0x00000054   Code   RO         4604    i.PcdAuthState      rc522_function.o
    0x08006000   0x08006000   0x00000118   Code   RO         4605    i.PcdComMF522       rc522_function.o
    0x08006118   0x08006118   0x00000032   Code   RO         4606    i.PcdHalt           rc522_function.o
    0x0800614a   0x0800614a   0x0000004c   Code   RO         4607    i.PcdRead           rc522_function.o
    0x08006196   0x08006196   0x00000052   Code   RO         4608    i.PcdRequest        rc522_function.o
    0x080061e8   0x080061e8   0x00000084   Code   RO         4609    i.PcdReset          rc522_function.o
    0x0800626c   0x0800626c   0x00000064   Code   RO         4610    i.PcdSelect         rc522_function.o
    0x080062d0   0x080062d0   0x00000084   Code   RO         4611    i.PcdWrite          rc522_function.o
    0x08006354   0x08006354   0x00000002   Code   RO         5063    i.PendSV_Handler    stm32f4xx_it.o
    0x08006356   0x08006356   0x00000002   PAD
    0x08006358   0x08006358   0x00000154   Code   RO         4191    i.Print_Database    manager.o
    0x080064ac   0x080064ac   0x00000012   Code   RO         3481    i.RTC_Bcd2ToByte    stm32f4xx_hal_rtc.o
    0x080064be   0x080064be   0x00000038   Code   RO         3483    i.RTC_EnterInitMode  stm32f4xx_hal_rtc.o
    0x080064f6   0x080064f6   0x00000002   PAD
    0x080064f8   0x080064f8   0x00000038   Code   RO         4612    i.ReadRawRC         rc522_function.o
    0x08006530   0x08006530   0x00000068   Code   RO         4499    i.Read_ID           rc522_app.o
    0x08006598   0x08006598   0x00000078   Code   RO         4500    i.Read_Sector       rc522_app.o
    0x08006610   0x08006610   0x00000114   Code   RO         4060    i.SCCB_ReadByte     sccb.o
    0x08006724   0x08006724   0x0000005c   Code   RO         4061    i.SCCB_SendByte     sccb.o
    0x08006780   0x08006780   0x0000005c   Code   RO         4062    i.SCCB_Start        sccb.o
    0x080067dc   0x080067dc   0x0000004c   Code   RO         4063    i.SCCB_Stop         sccb.o
    0x08006828   0x08006828   0x0000005c   Code   RO         4064    i.SCCB_WaitAck      sccb.o
    0x08006884   0x08006884   0x0000003e   Code   RO         4065    i.SCCB_WriteByte    sccb.o
    0x080068c2   0x080068c2   0x0000000e   Code   RO         4066    i.SCCB_delay        sccb.o
    0x080068d0   0x080068d0   0x00000024   Code   RO         2965    i.SDIO_ConfigData   stm32f4xx_ll_sdmmc.o
    0x080068f4   0x080068f4   0x00000008   Code   RO         2969    i.SDIO_GetPowerState  stm32f4xx_ll_sdmmc.o
    0x080068fc   0x080068fc   0x0000000c   Code   RO         2970    i.SDIO_GetResponse  stm32f4xx_ll_sdmmc.o
    0x08006908   0x08006908   0x00000024   Code   RO         2971    i.SDIO_Init         stm32f4xx_ll_sdmmc.o
    0x0800692c   0x0800692c   0x00000008   Code   RO         2973    i.SDIO_PowerState_ON  stm32f4xx_ll_sdmmc.o
    0x08006934   0x08006934   0x00000006   Code   RO         2974    i.SDIO_ReadFIFO     stm32f4xx_ll_sdmmc.o
    0x0800693a   0x0800693a   0x00000020   Code   RO         2975    i.SDIO_SendCommand  stm32f4xx_ll_sdmmc.o
    0x0800695a   0x0800695a   0x0000000a   Code   RO         2977    i.SDIO_WriteFIFO    stm32f4xx_ll_sdmmc.o
    0x08006964   0x08006964   0x00000030   Code   RO         2978    i.SDMMC_CmdAppCommand  stm32f4xx_ll_sdmmc.o
    0x08006994   0x08006994   0x00000034   Code   RO         2979    i.SDMMC_CmdAppOperCommand  stm32f4xx_ll_sdmmc.o
    0x080069c8   0x080069c8   0x00000030   Code   RO         2980    i.SDMMC_CmdBlockLength  stm32f4xx_ll_sdmmc.o
    0x080069f8   0x080069f8   0x00000030   Code   RO         2981    i.SDMMC_CmdBusWidth  stm32f4xx_ll_sdmmc.o
    0x08006a28   0x08006a28   0x00000050   Code   RO         2985    i.SDMMC_CmdGoIdleState  stm32f4xx_ll_sdmmc.o
    0x08006a78   0x08006a78   0x00000068   Code   RO         2987    i.SDMMC_CmdOperCond  stm32f4xx_ll_sdmmc.o
    0x08006ae0   0x08006ae0   0x00000030   Code   RO         2988    i.SDMMC_CmdReadMultiBlock  stm32f4xx_ll_sdmmc.o
    0x08006b10   0x08006b10   0x00000030   Code   RO         2989    i.SDMMC_CmdReadSingleBlock  stm32f4xx_ll_sdmmc.o
    0x08006b40   0x08006b40   0x00000032   Code   RO         2992    i.SDMMC_CmdSelDesel  stm32f4xx_ll_sdmmc.o
    0x08006b72   0x08006b72   0x0000002a   Code   RO         2993    i.SDMMC_CmdSendCID  stm32f4xx_ll_sdmmc.o
    0x08006b9c   0x08006b9c   0x0000002c   Code   RO         2994    i.SDMMC_CmdSendCSD  stm32f4xx_ll_sdmmc.o
    0x08006bc8   0x08006bc8   0x00000030   Code   RO         2995    i.SDMMC_CmdSendSCR  stm32f4xx_ll_sdmmc.o
    0x08006bf8   0x08006bf8   0x00000030   Code   RO         2996    i.SDMMC_CmdSendStatus  stm32f4xx_ll_sdmmc.o
    0x08006c28   0x08006c28   0x00000030   Code   RO         2997    i.SDMMC_CmdSetRelAdd  stm32f4xx_ll_sdmmc.o
    0x08006c58   0x08006c58   0x00000034   Code   RO         2999    i.SDMMC_CmdStopTransfer  stm32f4xx_ll_sdmmc.o
    0x08006c8c   0x08006c8c   0x00000030   Code   RO         3001    i.SDMMC_CmdWriteMultiBlock  stm32f4xx_ll_sdmmc.o
    0x08006cbc   0x08006cbc   0x00000030   Code   RO         3002    i.SDMMC_CmdWriteSingleBlock  stm32f4xx_ll_sdmmc.o
    0x08006cec   0x08006cec   0x0000011c   Code   RO         3003    i.SDMMC_GetCmdResp1  stm32f4xx_ll_sdmmc.o
    0x08006e08   0x08006e08   0x00000050   Code   RO         3004    i.SDMMC_GetCmdResp2  stm32f4xx_ll_sdmmc.o
    0x08006e58   0x08006e58   0x00000040   Code   RO         3005    i.SDMMC_GetCmdResp3  stm32f4xx_ll_sdmmc.o
    0x08006e98   0x08006e98   0x00000084   Code   RO         3006    i.SDMMC_GetCmdResp6  stm32f4xx_ll_sdmmc.o
    0x08006f1c   0x08006f1c   0x000000d6   Code   RO         3261    i.SD_FindSCR        stm32f4xx_hal_sd.o
    0x08006ff2   0x08006ff2   0x000000e6   Code   RO         3262    i.SD_InitCard       stm32f4xx_hal_sd.o
    0x080070d8   0x080070d8   0x000000a2   Code   RO         3263    i.SD_PowerON        stm32f4xx_hal_sd.o
    0x0800717a   0x0800717a   0x0000004e   Code   RO         3265    i.SD_WideBus_Disable  stm32f4xx_hal_sd.o
    0x080071c8   0x080071c8   0x0000004e   Code   RO         3266    i.SD_WideBus_Enable  stm32f4xx_hal_sd.o
    0x08007216   0x08007216   0x00000002   PAD
    0x08007218   0x08007218   0x00000020   Code   RO         6007    i.SD_initialize     sd_diskio.o
    0x08007238   0x08007238   0x00000050   Code   RO         6008    i.SD_ioctl          sd_diskio.o
    0x08007288   0x08007288   0x0000003c   Code   RO         6009    i.SD_read           sd_diskio.o
    0x080072c4   0x080072c4   0x00000020   Code   RO         6010    i.SD_status         sd_diskio.o
    0x080072e4   0x080072e4   0x0000003c   Code   RO         6011    i.SD_write          sd_diskio.o
    0x08007320   0x08007320   0x00000020   Code   RO         2683    i.SPI_CheckFlag_BSY  stm32f4xx_hal_spi.o
    0x08007340   0x08007340   0x00000058   Code   RO         4875    i.SPI_FLASH_BufferRead  spi_flash.o
    0x08007398   0x08007398   0x000000b8   Code   RO         4876    i.SPI_FLASH_BufferWrite  spi_flash.o
    0x08007450   0x08007450   0x00000064   Code   RO         4878    i.SPI_FLASH_PageWrite  spi_flash.o
    0x080074b4   0x080074b4   0x0000002c   Code   RO         4613    i.SPI_FLASH_ReadByte  rc522_function.o
    0x080074e0   0x080074e0   0x00000048   Code   RO         4880    i.SPI_FLASH_ReadID  spi_flash.o
    0x08007528   0x08007528   0x0000004c   Code   RO         4881    i.SPI_FLASH_SectorErase  spi_flash.o
    0x08007574   0x08007574   0x0000002c   Code   RO         4614    i.SPI_FLASH_SendByte  rc522_function.o
    0x080075a0   0x080075a0   0x00000030   Code   RO         4883    i.SPI_FLASH_WaitForWriteEnd  spi_flash.o
    0x080075d0   0x080075d0   0x00000028   Code   RO         4884    i.SPI_FLASH_WriteEnable  spi_flash.o
    0x080075f8   0x080075f8   0x00000096   Code   RO         2701    i.SPI_WaitFlagStateUntilTimeout  stm32f4xx_hal_spi.o
    0x0800768e   0x0800768e   0x00000002   Code   RO         5064    i.SVC_Handler       stm32f4xx_it.o
    0x08007690   0x08007690   0x000001a8   Code   RO         4121    i.Screen_Shot       bsp_bmp.o
    0x08007838   0x08007838   0x00000018   Code   RO         4615    i.SetBitMask        rc522_function.o
    0x08007850   0x08007850   0x0000001c   Code   RO         5065    i.SysTick_Handler   stm32f4xx_it.o
    0x0800786c   0x0800786c   0x000000b0   Code   RO         5143    i.SystemClock_Config  main.o
    0x0800791c   0x0800791c   0x00000054   Code   RO         6525    i.SystemInit        system_stm32f4xx.o
    0x08007970   0x08007970   0x0000000c   Code   RO         5066    i.TIM2_IRQHandler   stm32f4xx_it.o
    0x0800797c   0x0800797c   0x000000c0   Code   RO         2103    i.TIM_Base_SetConfig  stm32f4xx_hal_tim.o
    0x08007a3c   0x08007a3c   0x00000016   Code   RO         2104    i.TIM_CCxChannelCmd  stm32f4xx_hal_tim.o
    0x08007a52   0x08007a52   0x00000002   PAD
    0x08007a54   0x08007a54   0x00000058   Code   RO         2112    i.TIM_OC1_SetConfig  stm32f4xx_hal_tim.o
    0x08007aac   0x08007aac   0x00000064   Code   RO         2113    i.TIM_OC2_SetConfig  stm32f4xx_hal_tim.o
    0x08007b10   0x08007b10   0x00000060   Code   RO         2114    i.TIM_OC3_SetConfig  stm32f4xx_hal_tim.o
    0x08007b70   0x08007b70   0x00000050   Code   RO         2115    i.TIM_OC4_SetConfig  stm32f4xx_hal_tim.o
    0x08007bc0   0x08007bc0   0x00000060   Code   RO         4730    i.TOUCH_ReadData    touch.o
    0x08007c20   0x08007c20   0x0000010c   Code   RO         4731    i.TP_Adj_Info_Show  touch.o
    0x08007d2c   0x08007d2c   0x0000062c   Code   RO         4732    i.TP_Adjust         touch.o
    0x08008358   0x08008358   0x0000005a   Code   RO         4734    i.TP_Drow_Touch_Point  touch.o
    0x080083b2   0x080083b2   0x00000002   PAD
    0x080083b4   0x080083b4   0x00000044   Code   RO         4735    i.TP_Get_Adjdata    touch.o
    0x080083f8   0x080083f8   0x00000038   Code   RO         4736    i.TP_Init           touch.o
    0x08008430   0x08008430   0x00000060   Code   RO         4737    i.TP_Read_XOY       touch.o
    0x08008490   0x08008490   0x00000028   Code   RO         4738    i.TP_Read_XY        touch.o
    0x080084b8   0x080084b8   0x0000007c   Code   RO         4739    i.TP_Read_XY2       touch.o
    0x08008534   0x08008534   0x00000028   Code   RO         4740    i.TP_Save_Adjdata   touch.o
    0x0800855c   0x0800855c   0x000000c4   Code   RO         4741    i.TP_Scan           touch.o
    0x08008620   0x08008620   0x0000011c   Code   RO         3961    i.Take_pic          ov7725.o
    0x0800873c   0x0800873c   0x000002ac   Code   RO         1503    i.UART_SetConfig    stm32f4xx_hal_uart.o
    0x080089e8   0x080089e8   0x00000062   Code   RO         1505    i.UART_WaitOnFlagUntilTimeout  stm32f4xx_hal_uart.o
    0x08008a4a   0x08008a4a   0x00000002   Code   RO         5067    i.UsageFault_Handler  stm32f4xx_it.o
    0x08008a4c   0x08008a4c   0x00000010   Code   RO         7304    i.WM_Activate       STemWin522_CM3_Keil.lib(wm.o)
    0x08008a5c   0x08008a5c   0x0000007e   Code   RO         8058    i.WM_BringToBottom  STemWin522_CM3_Keil.lib(wm_bringtobottom.o)
    0x08008ada   0x08008ada   0x00000002   PAD
    0x08008adc   0x08008adc   0x0000014c   Code   RO         7306    i.WM_CreateWindowAsChild  STemWin522_CM3_Keil.lib(wm.o)
    0x08008c28   0x08008c28   0x00000046   Code   RO         7308    i.WM_DefaultProc    STemWin522_CM3_Keil.lib(wm.o)
    0x08008c6e   0x08008c6e   0x00000002   PAD
    0x08008c70   0x08008c70   0x00000018   Code   RO         7417    i.WM_GetDesktopWindow  STemWin522_CM3_Keil.lib(wm_getdesktopwindow.o)
    0x08008c88   0x08008c88   0x0000000e   Code   RO         8072    i.WM_GetFirstChild  STemWin522_CM3_Keil.lib(wm_getfirstchild.o)
    0x08008c96   0x08008c96   0x0000000e   Code   RO         8681    i.WM_GetParent      STemWin522_CM3_Keil.lib(wm_getparent.o)
    0x08008ca4   0x08008ca4   0x000000d4   Code   RO         7312    i.WM_Init           STemWin522_CM3_Keil.lib(wm.o)
    0x08008d78   0x08008d78   0x00000076   Code   RO         7313    i.WM_InvalidateRect  STemWin522_CM3_Keil.lib(wm.o)
    0x08008dee   0x08008dee   0x00000006   Code   RO         7314    i.WM_InvalidateWindow  STemWin522_CM3_Keil.lib(wm.o)
    0x08008df4   0x08008df4   0x0000005e   Code   RO         7315    i.WM_InvalidateWindowAndDescsEx  STemWin522_CM3_Keil.lib(wm.o)
    0x08008e52   0x08008e52   0x00000002   PAD
    0x08008e54   0x08008e54   0x0000003c   Code   RO         7316    i.WM_SelectWindow   STemWin522_CM3_Keil.lib(wm.o)
    0x08008e90   0x08008e90   0x0000001e   Code   RO         8080    i.WM_SendToParent   STemWin522_CM3_Keil.lib(wm_sendtoparent.o)
    0x08008eae   0x08008eae   0x00000002   PAD
    0x08008eb0   0x08008eb0   0x00000048   Code   RO         7319    i.WM__ActivateClipRect  STemWin522_CM3_Keil.lib(wm.o)
    0x08008ef8   0x08008ef8   0x00000010   Code   RO         8060    i.WM__AddCriticalHandle  STemWin522_CM3_Keil.lib(wm_criticalhandle.o)
    0x08008f08   0x08008f08   0x00000010   Code   RO         7320    i.WM__Client2Screen  STemWin522_CM3_Keil.lib(wm.o)
    0x08008f18   0x08008f18   0x0000004e   Code   RO         7321    i.WM__ClipAtParentBorders  STemWin522_CM3_Keil.lib(wm.o)
    0x08008f66   0x08008f66   0x00000020   Code   RO         8066    i.WM__GetClientRectEx  STemWin522_CM3_Keil.lib(wm_getclientrect.o)
    0x08008f86   0x08008f86   0x00000018   Code   RO         7324    i.WM__GetClientRectWin  STemWin522_CM3_Keil.lib(wm.o)
    0x08008f9e   0x08008f9e   0x00000012   Code   RO         8926    i.WM__GetFirstSibling  STemWin522_CM3_Keil.lib(wm__getfirstsibling.o)
    0x08008fb0   0x08008fb0   0x00000040   Code   RO         7325    i.WM__GetNextIVR    STemWin522_CM3_Keil.lib(wm.o)
    0x08008ff0   0x08008ff0   0x00000024   Code   RO         8651    i.WM__GetPrevSibling  STemWin522_CM3_Keil.lib(wm__getprevsibling.o)
    0x08009014   0x08009014   0x00000018   Code   RO         7326    i.WM__GetTopLevelLayer  STemWin522_CM3_Keil.lib(wm.o)
    0x0800902c   0x0800902c   0x000000f0   Code   RO         7327    i.WM__InitIVRSearch  STemWin522_CM3_Keil.lib(wm.o)
    0x0800911c   0x0800911c   0x000000a4   Code   RO         7328    i.WM__InsertWindowIntoList  STemWin522_CM3_Keil.lib(wm.o)
    0x080091c0   0x080091c0   0x00000006   Code   RO         7329    i.WM__Invalidate1Abs  STemWin522_CM3_Keil.lib(wm.o)
    0x080091c6   0x080091c6   0x00000046   Code   RO         7330    i.WM__InvalidateDrawAndDescs  STemWin522_CM3_Keil.lib(wm.o)
    0x0800920c   0x0800920c   0x00000076   Code   RO         7332    i.WM__InvalidateRect  STemWin522_CM3_Keil.lib(wm.o)
    0x08009282   0x08009282   0x00000006   Code   RO         7333    i.WM__InvalidateRectEx  STemWin522_CM3_Keil.lib(wm.o)
    0x08009288   0x08009288   0x00000020   Code   RO         7338    i.WM__RectIsNZ      STemWin522_CM3_Keil.lib(wm.o)
    0x080092a8   0x080092a8   0x00000014   Code   RO         7341    i.WM__SelectTopLevelLayer  STemWin522_CM3_Keil.lib(wm.o)
    0x080092bc   0x080092bc   0x0000003c   Code   RO         8055    i.WM__SendMessage   STemWin522_CM3_Keil.lib(wm__sendmessage.o)
    0x080092f8   0x080092f8   0x0000000e   Code   RO         7342    i.WM__SendMsgNoData  STemWin522_CM3_Keil.lib(wm.o)
    0x08009306   0x08009306   0x00000002   PAD
    0x08009308   0x08009308   0x00000034   Code   RO         4616    i.WriteRawRC        rc522_function.o
    0x0800933c   0x0800933c   0x00000090   Code   RO         4501    i.Write_Block       rc522_app.o
    0x080093cc   0x080093cc   0x00000038   Code   RO         7501    i._Add              STemWin522_CM3_Keil.lib(gui_fillpolygon.o)
    0x08009404   0x08009404   0x00000078   Code   RO         6598    i._AddFreeMemory    STemWin522_CM3_Keil.lib(gui_alloc.o)
    0x0800947c   0x0800947c   0x000000bc   Code   RO         6599    i._Alloc            STemWin522_CM3_Keil.lib(gui_alloc.o)
    0x08009538   0x08009538   0x00000004   Code   RO         7691    i._CalcSizeOfChar   STemWin522_CM3_Keil.lib(gui_uc_encodenone.o)
    0x0800953c   0x0800953c   0x00000038   Code   RO         6559    i._Color2IndexBulk  STemWin522_CM3_Keil.lib(guicc_565.o)
    0x08009574   0x08009574   0x00000054   Code   RO         8304    i._Color2Index_0    STemWin522_CM3_Keil.lib(guicc_0.o)
    0x080095c8   0x080095c8   0x00000028   Code   RO         6560    i._Color2Index_565  STemWin522_CM3_Keil.lib(guicc_565.o)
    0x080095f0   0x080095f0   0x0000003e   Code   RO         8602    i._Convert16        STemWin522_CM3_Keil.lib(guidev_writetoactiveopaque.o)
    0x0800962e   0x0800962e   0x0000001a   Code   RO         7045    i._Data2Index_16bpp_B16  STemWin522_CM3_Keil.lib(guidrv_flexcolor_func66709.o)
    0x08009648   0x08009648   0x00000016   Code   RO         7046    i._Data2Index_16bpp_B8  STemWin522_CM3_Keil.lib(guidrv_flexcolor_func66709.o)
    0x0800965e   0x0800965e   0x00000002   PAD
    0x08009660   0x08009660   0x00000020   Code   RO         7344    i._DesktopHandle2Index  STemWin522_CM3_Keil.lib(wm.o)
    0x08009680   0x08009680   0x00000074   Code   RO         7455    i._DispLine         STemWin522_CM3_Keil.lib(gui_charline.o)
    0x080096f4   0x080096f4   0x0000013c   Code   RO         7026    i._DrawBitLine1BPP  STemWin522_CM3_Keil.lib(guidrv_flexcolor_16bpp_c0b16.o)
    0x08009830   0x08009830   0x00000140   Code   RO         7869    i._DrawBitLine1BPP  STemWin522_CM3_Keil.lib(guidev_16.o)
    0x08009970   0x08009970   0x00000118   Code   RO         7027    i._DrawBitLine2BPP  STemWin522_CM3_Keil.lib(guidrv_flexcolor_16bpp_c0b16.o)
    0x08009a88   0x08009a88   0x000000e0   Code   RO         7870    i._DrawBitLine2BPP  STemWin522_CM3_Keil.lib(guidev_16.o)
    0x08009b68   0x08009b68   0x00000118   Code   RO         7028    i._DrawBitLine4BPP  STemWin522_CM3_Keil.lib(guidrv_flexcolor_16bpp_c0b16.o)
    0x08009c80   0x08009c80   0x00000158   Code   RO         7871    i._DrawBitLine4BPP  STemWin522_CM3_Keil.lib(guidev_16.o)
    0x08009dd8   0x08009dd8   0x000000d4   Code   RO         7029    i._DrawBitLine8BPP  STemWin522_CM3_Keil.lib(guidrv_flexcolor_16bpp_c0b16.o)
    0x08009eac   0x08009eac   0x00000022   Code   RO         6929    i._DrawBitmap       STemWin522_CM3_Keil.lib(guidrv_flexcolor.o)
    0x08009ece   0x08009ece   0x00000002   PAD
    0x08009ed0   0x08009ed0   0x000000f4   Code   RO         7030    i._DrawBitmap       STemWin522_CM3_Keil.lib(guidrv_flexcolor_16bpp_c0b16.o)
    0x08009fc4   0x08009fc4   0x000002b0   Code   RO         7872    i._DrawBitmap       STemWin522_CM3_Keil.lib(guidev_16.o)
    0x0800a274   0x0800a274   0x0000000e   Code   RO         6930    i._DrawHLine        STemWin522_CM3_Keil.lib(guidrv_flexcolor.o)
    0x0800a282   0x0800a282   0x0000000a   Code   RO         7873    i._DrawHLine        STemWin522_CM3_Keil.lib(guidev_16.o)
    0x0800a28c   0x0800a28c   0x00000014   Code   RO         6778    i._DrawLineEnd      STemWin522_CM3_Keil.lib(gui_drawline.o)
    0x0800a2a0   0x0800a2a0   0x00000010   Code   RO         6931    i._DrawVLine        STemWin522_CM3_Keil.lib(guidrv_flexcolor.o)
    0x0800a2b0   0x0800a2b0   0x000000b8   Code   RO         7874    i._DrawVLine        STemWin522_CM3_Keil.lib(guidev_16.o)
    0x0800a368   0x0800a368   0x00000006   Code   RO         7692    i._Encode           STemWin522_CM3_Keil.lib(gui_uc_encodenone.o)
    0x0800a36e   0x0800a36e   0x00000002   PAD
    0x0800a370   0x0800a370   0x00000094   Code   RO         6600    i._EnlargeBlocks    STemWin522_CM3_Keil.lib(gui_alloc.o)
    0x0800a404   0x0800a404   0x00000010   Code   RO         6932    i._FillRect         STemWin522_CM3_Keil.lib(guidrv_flexcolor.o)
    0x0800a414   0x0800a414   0x000000f8   Code   RO         7031    i._FillRect         STemWin522_CM3_Keil.lib(guidrv_flexcolor_16bpp_c0b16.o)
    0x0800a50c   0x0800a50c   0x000000ac   Code   RO         7875    i._FillRect         STemWin522_CM3_Keil.lib(guidev_16.o)
    0x0800a5b8   0x0800a5b8   0x00000148   Code   RO         7347    i._FindNext_IVR     STemWin522_CM3_Keil.lib(wm.o)
    0x0800a700   0x0800a700   0x0000007c   Code   RO         7348    i._Findx0           STemWin522_CM3_Keil.lib(wm.o)
    0x0800a77c   0x0800a77c   0x00000072   Code   RO         7349    i._Findx1           STemWin522_CM3_Keil.lib(wm.o)
    0x0800a7ee   0x0800a7ee   0x000000a2   Code   RO         7350    i._Findy1           STemWin522_CM3_Keil.lib(wm.o)
    0x0800a890   0x0800a890   0x00000004   Code   RO         7693    i._GetCharCode      STemWin522_CM3_Keil.lib(gui_uc_encodenone.o)
    0x0800a894   0x0800a894   0x00000004   Code   RO         7694    i._GetCharSize      STemWin522_CM3_Keil.lib(gui_uc_encodenone.o)
    0x0800a898   0x0800a898   0x0000000e   Code   RO         6933    i._GetDevData       STemWin522_CM3_Keil.lib(guidrv_flexcolor.o)
    0x0800a8a6   0x0800a8a6   0x00000002   PAD
    0x0800a8a8   0x0800a8a8   0x00000010   Code   RO         7876    i._GetDevData       STemWin522_CM3_Keil.lib(guidev_16.o)
    0x0800a8b8   0x0800a8b8   0x00000070   Code   RO         6934    i._GetDevFunc       STemWin522_CM3_Keil.lib(guidrv_flexcolor.o)
    0x0800a928   0x0800a928   0x00000010   Code   RO         7877    i._GetDevFunc       STemWin522_CM3_Keil.lib(guidev_16.o)
    0x0800a938   0x0800a938   0x0000004c   Code   RO         6935    i._GetDevFunc_Init  STemWin522_CM3_Keil.lib(guidrv_flexcolor.o)
    0x0800a984   0x0800a984   0x00000002   Code   RO         6936    i._GetDevFunc_SetRect  STemWin522_CM3_Keil.lib(guidrv_flexcolor.o)
    0x0800a986   0x0800a986   0x00000002   PAD
    0x0800a988   0x0800a988   0x00000040   Code   RO         6937    i._GetDevFunc_SetRectOutside  STemWin522_CM3_Keil.lib(guidrv_flexcolor.o)
    0x0800a9c8   0x0800a9c8   0x00000014   Code   RO         6938    i._GetDevFunc_SetSize  STemWin522_CM3_Keil.lib(guidrv_flexcolor.o)
    0x0800a9dc   0x0800a9dc   0x00000014   Code   RO         6939    i._GetDevFunc_SetVSize  STemWin522_CM3_Keil.lib(guidrv_flexcolor.o)
    0x0800a9f0   0x0800a9f0   0x00000066   Code   RO         6940    i._GetDevProp       STemWin522_CM3_Keil.lib(guidrv_flexcolor.o)
    0x0800aa56   0x0800aa56   0x0000001e   Code   RO         7806    i._GetDevProp       STemWin522_CM3_Keil.lib(lcd_getex.o)
    0x0800aa74   0x0800aa74   0x00000008   Code   RO         7878    i._GetDevProp       STemWin522_CM3_Keil.lib(guidev_16.o)
    0x0800aa7c   0x0800aa7c   0x00000052   Code   RO         8305    i._GetIndexMask_0   STemWin522_CM3_Keil.lib(guicc_0.o)
    0x0800aace   0x0800aace   0x00000006   Code   RO         6561    i._GetIndexMask_565  STemWin522_CM3_Keil.lib(guicc_565.o)
    0x0800aad4   0x0800aad4   0x0000001c   Code   RO         6601    i._GetMinIndex      STemWin522_CM3_Keil.lib(gui_alloc.o)
    0x0800aaf0   0x0800aaf0   0x00000008   Code   RO         6941    i._GetPixelIndex    STemWin522_CM3_Keil.lib(guidrv_flexcolor.o)
    0x0800aaf8   0x0800aaf8   0x0000000e   Code   RO         7879    i._GetPixelIndex    STemWin522_CM3_Keil.lib(guidev_16.o)
    0x0800ab06   0x0800ab06   0x00000016   Code   RO         6942    i._GetRect          STemWin522_CM3_Keil.lib(guidrv_flexcolor.o)
    0x0800ab1c   0x0800ab1c   0x00000030   Code   RO         7880    i._GetRect          STemWin522_CM3_Keil.lib(guidev_16.o)
    0x0800ab4c   0x0800ab4c   0x00000010   Code   RO         6806    i._GotoX            STemWin522_CM3_Keil.lib(gui_goto.o)
    0x0800ab5c   0x0800ab5c   0x00000010   Code   RO         6807    i._GotoY            STemWin522_CM3_Keil.lib(gui_goto.o)
    0x0800ab6c   0x0800ab6c   0x00000048   Code   RO         6562    i._Index2ColorBulk  STemWin522_CM3_Keil.lib(guicc_565.o)
    0x0800abb4   0x0800abb4   0x00000020   Code   RO         8306    i._Index2Color_0    STemWin522_CM3_Keil.lib(guicc_0.o)
    0x0800abd4   0x0800abd4   0x00000070   Code   RO         6684    i._InitContext      STemWin522_CM3_Keil.lib(gui_core.o)
    0x0800ac44   0x0800ac44   0x000000a4   Code   RO         6602    i._InitOnce         STemWin522_CM3_Keil.lib(gui_alloc.o)
    0x0800ace8   0x0800ace8   0x00000080   Code   RO         7351    i._Invalidate1Abs   STemWin522_CM3_Keil.lib(wm.o)
    0x0800ad68   0x0800ad68   0x00000014   Code   RO         6832    i._Log2Phys         STemWin522_CM3_Keil.lib(gui_touch_driveranalog.o)
    0x0800ad7c   0x0800ad7c   0x00000004   Code   RO         6943    i._Log2PhysX_X0Y0S0  STemWin522_CM3_Keil.lib(guidrv_flexcolor.o)
    0x0800ad80   0x0800ad80   0x00000004   Code   RO         6944    i._Log2PhysX_X0Y0S1  STemWin522_CM3_Keil.lib(guidrv_flexcolor.o)
    0x0800ad84   0x0800ad84   0x00000004   Code   RO         6945    i._Log2PhysX_X0Y1S0  STemWin522_CM3_Keil.lib(guidrv_flexcolor.o)
    0x0800ad88   0x0800ad88   0x00000004   Code   RO         6946    i._Log2PhysX_X0Y1S1  STemWin522_CM3_Keil.lib(guidrv_flexcolor.o)
    0x0800ad8c   0x0800ad8c   0x00000008   Code   RO         6947    i._Log2PhysX_X1Y0S0  STemWin522_CM3_Keil.lib(guidrv_flexcolor.o)
    0x0800ad94   0x0800ad94   0x00000008   Code   RO         6948    i._Log2PhysX_X1Y0S1  STemWin522_CM3_Keil.lib(guidrv_flexcolor.o)
    0x0800ad9c   0x0800ad9c   0x00000008   Code   RO         6949    i._Log2PhysX_X1Y1S0  STemWin522_CM3_Keil.lib(guidrv_flexcolor.o)
    0x0800ada4   0x0800ada4   0x00000008   Code   RO         6950    i._Log2PhysX_X1Y1S1  STemWin522_CM3_Keil.lib(guidrv_flexcolor.o)
    0x0800adac   0x0800adac   0x00000004   Code   RO         6951    i._Log2PhysY_X0Y0S0  STemWin522_CM3_Keil.lib(guidrv_flexcolor.o)
    0x0800adb0   0x0800adb0   0x00000004   Code   RO         6952    i._Log2PhysY_X0Y0S1  STemWin522_CM3_Keil.lib(guidrv_flexcolor.o)
    0x0800adb4   0x0800adb4   0x00000008   Code   RO         6953    i._Log2PhysY_X0Y1S0  STemWin522_CM3_Keil.lib(guidrv_flexcolor.o)
    0x0800adbc   0x0800adbc   0x00000008   Code   RO         6954    i._Log2PhysY_X0Y1S1  STemWin522_CM3_Keil.lib(guidrv_flexcolor.o)
    0x0800adc4   0x0800adc4   0x00000004   Code   RO         6955    i._Log2PhysY_X1Y0S0  STemWin522_CM3_Keil.lib(guidrv_flexcolor.o)
    0x0800adc8   0x0800adc8   0x00000004   Code   RO         6956    i._Log2PhysY_X1Y0S1  STemWin522_CM3_Keil.lib(guidrv_flexcolor.o)
    0x0800adcc   0x0800adcc   0x00000008   Code   RO         6957    i._Log2PhysY_X1Y1S0  STemWin522_CM3_Keil.lib(guidrv_flexcolor.o)
    0x0800add4   0x0800add4   0x00000008   Code   RO         6958    i._Log2PhysY_X1Y1S1  STemWin522_CM3_Keil.lib(guidrv_flexcolor.o)
    0x0800addc   0x0800addc   0x00000002   Code   RO         7456    i._Log2VisBuffered  STemWin522_CM3_Keil.lib(gui_charline.o)
    0x0800adde   0x0800adde   0x00000002   PAD
    0x0800ade0   0x0800ade0   0x00000034   Code   RO         6603    i._OnExit           STemWin522_CM3_Keil.lib(gui_alloc.o)
    0x0800ae14   0x0800ae14   0x0000002c   Code   RO         6685    i._OnExit           STemWin522_CM3_Keil.lib(gui_core.o)
    0x0800ae40   0x0800ae40   0x00000034   Code   RO         7352    i._OnExit           STemWin522_CM3_Keil.lib(wm.o)
    0x0800ae74   0x0800ae74   0x00000014   Code   RO         7760    i._OnExit           STemWin522_CM3_Keil.lib(lcd_color.o)
    0x0800ae88   0x0800ae88   0x00000040   Code   RO         6604    i._PopFreeBlock     STemWin522_CM3_Keil.lib(gui_alloc.o)
    0x0800aec8   0x0800aec8   0x00000024   Code   RO         6605    i._PushFreeBlock    STemWin522_CM3_Keil.lib(gui_alloc.o)
    0x0800aeec   0x0800aeec   0x00000006   Code   RO         7032    i._ReadData         STemWin522_CM3_Keil.lib(guidrv_flexcolor_16bpp_c0b16.o)
    0x0800aef2   0x0800aef2   0x0000000c   Code   RO         6959    i._ReadPixelCust_16bpp  STemWin522_CM3_Keil.lib(guidrv_flexcolor.o)
    0x0800aefe   0x0800aefe   0x0000000c   Code   RO         6960    i._ReadPixelCust_18bpp  STemWin522_CM3_Keil.lib(guidrv_flexcolor.o)
    0x0800af0a   0x0800af0a   0x00000028   Code   RO         7047    i._ReadPixel_16bpp_B16_I  STemWin522_CM3_Keil.lib(guidrv_flexcolor_func66709.o)
    0x0800af32   0x0800af32   0x00000024   Code   RO         7049    i._ReadPixel_16bpp_B8  STemWin522_CM3_Keil.lib(guidrv_flexcolor_func66709.o)
    0x0800af56   0x0800af56   0x00000030   Code   RO         6961    i._ReadRectCust_16bpp  STemWin522_CM3_Keil.lib(guidrv_flexcolor.o)
    0x0800af86   0x0800af86   0x00000030   Code   RO         6962    i._ReadRectCust_18bpp  STemWin522_CM3_Keil.lib(guidrv_flexcolor.o)
    0x0800afb6   0x0800afb6   0x0000004c   Code   RO         7050    i._ReadRect_16bpp_B16_I  STemWin522_CM3_Keil.lib(guidrv_flexcolor_func66709.o)
    0x0800b002   0x0800b002   0x00000048   Code   RO         7052    i._ReadRect_16bpp_B8  STemWin522_CM3_Keil.lib(guidrv_flexcolor_func66709.o)
    0x0800b04a   0x0800b04a   0x00000002   PAD
    0x0800b04c   0x0800b04c   0x00000034   Code   RO         6606    i._RemoveFreeBlock  STemWin522_CM3_Keil.lib(gui_alloc.o)
    0x0800b080   0x0800b080   0x000000a0   Code   RO         6607    i._RemoveHoles      STemWin522_CM3_Keil.lib(gui_alloc.o)
    0x0800b120   0x0800b120   0x00000020   Code   RO         7730    i._SetBkColor       STemWin522_CM3_Keil.lib(lcd.o)
    0x0800b140   0x0800b140   0x0000004c   Code   RO         7356    i._SetClipRectUserIntersect  STemWin522_CM3_Keil.lib(wm.o)
    0x0800b18c   0x0800b18c   0x00000020   Code   RO         7731    i._SetColor         STemWin522_CM3_Keil.lib(lcd.o)
    0x0800b1ac   0x0800b1ac   0x00000070   Code   RO         6963    i._SetDevFunc       STemWin522_CM3_Keil.lib(guidrv_flexcolor.o)
    0x0800b21c   0x0800b21c   0x0000002c   Code   RO         7732    i._SetDrawMode      STemWin522_CM3_Keil.lib(lcd.o)
    0x0800b248   0x0800b248   0x00000030   Code   RO         7053    i._SetInterface     STemWin522_CM3_Keil.lib(guidrv_flexcolor_func66709.o)
    0x0800b278   0x0800b278   0x00000078   Code   RO         6779    i._SetLineColor     STemWin522_CM3_Keil.lib(gui_drawline.o)
    0x0800b2f0   0x0800b2f0   0x00000034   Code   RO         6833    i._SetMinMax        STemWin522_CM3_Keil.lib(gui_touch_driveranalog.o)
    0x0800b324   0x0800b324   0x00000002   Code   RO         6964    i._SetOrg           STemWin522_CM3_Keil.lib(guidrv_flexcolor.o)
    0x0800b326   0x0800b326   0x00000008   Code   RO         7881    i._SetOrg           STemWin522_CM3_Keil.lib(guidev_16.o)
    0x0800b32e   0x0800b32e   0x00000002   PAD
    0x0800b330   0x0800b330   0x00000038   Code   RO         7054    i._SetOrientation   STemWin522_CM3_Keil.lib(guidrv_flexcolor_func66709.o)
    0x0800b368   0x0800b368   0x000000a8   Code   RO         7055    i._SetPhysRAMAddr   STemWin522_CM3_Keil.lib(guidrv_flexcolor_func66709.o)
    0x0800b410   0x0800b410   0x0000000e   Code   RO         6965    i._SetPixelIndex    STemWin522_CM3_Keil.lib(guidrv_flexcolor.o)
    0x0800b41e   0x0800b41e   0x00000002   PAD
    0x0800b420   0x0800b420   0x00000048   Code   RO         7882    i._SetPixelIndex    STemWin522_CM3_Keil.lib(guidev_16.o)
    0x0800b468   0x0800b468   0x000000b4   Code   RO         7056    i._SetRect          STemWin522_CM3_Keil.lib(guidrv_flexcolor_func66709.o)
    0x0800b51c   0x0800b51c   0x00000008   Code   RO         7057    i._SetReg_B16       STemWin522_CM3_Keil.lib(guidrv_flexcolor_func66709.o)
    0x0800b524   0x0800b524   0x0000001a   Code   RO         7058    i._SetReg_B8        STemWin522_CM3_Keil.lib(guidrv_flexcolor_func66709.o)
    0x0800b53e   0x0800b53e   0x00000002   PAD
    0x0800b540   0x0800b540   0x000000ea   Code   RO         6608    i._TestRAM          STemWin522_CM3_Keil.lib(gui_alloc.o)
    0x0800b62a   0x0800b62a   0x00000002   PAD
    0x0800b62c   0x0800b62c   0x00000030   Code   RO         6750    i._UnlinkDevice     STemWin522_CM3_Keil.lib(gui_device.o)
    0x0800b65c   0x0800b65c   0x0000000a   Code   RO         7033    i._WriteData        STemWin522_CM3_Keil.lib(guidrv_flexcolor_16bpp_c0b16.o)
    0x0800b666   0x0800b666   0x00000008   Code   RO         7059    i._WritePara_B16    STemWin522_CM3_Keil.lib(guidrv_flexcolor_func66709.o)
    0x0800b66e   0x0800b66e   0x0000000a   Code   RO         7060    i._WritePara_B8     STemWin522_CM3_Keil.lib(guidrv_flexcolor_func66709.o)
    0x0800b678   0x0800b678   0x0000000e   Code   RO         6609    i._WriteTagData     STemWin522_CM3_Keil.lib(gui_alloc.o)
    0x0800b686   0x0800b686   0x00000002   PAD
    0x0800b688   0x0800b688   0x00000330   Code   RO         8603    i._WriteToActiveOpaque_8  STemWin522_CM3_Keil.lib(guidev_writetoactiveopaque.o)
    0x0800b9b8   0x0800b9b8   0x000002f8   Code   RO         8604    i._WriteToActiveOpaque_HT  STemWin522_CM3_Keil.lib(guidev_writetoactiveopaque.o)
    0x0800bcb0   0x0800bcb0   0x0000003c   Code   RO         7883    i._XY2PTR           STemWin522_CM3_Keil.lib(guidev_16.o)
    0x0800bcec   0x0800bcec   0x00000022   Code   RO         6966    i._XorPixel         STemWin522_CM3_Keil.lib(guidrv_flexcolor.o)
    0x0800bd0e   0x0800bd0e   0x00000002   PAD
    0x0800bd10   0x0800bd10   0x00000054   Code   RO         7884    i._XorPixel         STemWin522_CM3_Keil.lib(guidev_16.o)
    0x0800bd64   0x0800bd64   0x00000020   Code   RO         9244    i.__0printf         mc_w.l(printfa.o)
    0x0800bd84   0x0800bd84   0x00000028   Code   RO         9246    i.__0sprintf        mc_w.l(printfa.o)
    0x0800bdac   0x0800bdac   0x00000030   Code   RO         9308    i.__ARM_fpclassify  m_wm.l(fpclassify.o)
    0x0800bddc   0x0800bddc   0x00000008   Code   RO         9334    i.__aeabi_errno_addr  mc_w.l(errno.o)
    0x0800bde4   0x0800bde4   0x00000004   PAD
    0x0800bde8   0x0800bde8   0x00000c50   Code   RO         8968    i.__hardfp_pow      m_wm.l(pow.o)
    0x0800ca38   0x0800ca38   0x0000007a   Code   RO         8982    i.__hardfp_sqrt     m_wm.l(sqrt.o)
    0x0800cab2   0x0800cab2   0x000000f8   Code   RO         9310    i.__kernel_poly     m_wm.l(poly.o)
    0x0800cbaa   0x0800cbaa   0x00000006   PAD
    0x0800cbb0   0x0800cbb0   0x00000030   Code   RO         9288    i.__mathlib_dbl_divzero  m_wm.l(dunder.o)
    0x0800cbe0   0x0800cbe0   0x00000014   Code   RO         9290    i.__mathlib_dbl_infnan2  m_wm.l(dunder.o)
    0x0800cbf4   0x0800cbf4   0x00000004   PAD
    0x0800cbf8   0x0800cbf8   0x00000020   Code   RO         9291    i.__mathlib_dbl_invalid  m_wm.l(dunder.o)
    0x0800cc18   0x0800cc18   0x00000020   Code   RO         9292    i.__mathlib_dbl_overflow  m_wm.l(dunder.o)
    0x0800cc38   0x0800cc38   0x00000020   Code   RO         9294    i.__mathlib_dbl_underflow  m_wm.l(dunder.o)
    0x0800cc58   0x0800cc58   0x0000000e   Code   RO         9398    i.__scatterload_copy  mc_w.l(handlers.o)
    0x0800cc66   0x0800cc66   0x00000002   Code   RO         9399    i.__scatterload_null  mc_w.l(handlers.o)
    0x0800cc68   0x0800cc68   0x0000000e   Code   RO         9400    i.__scatterload_zeroinit  mc_w.l(handlers.o)
    0x0800cc76   0x0800cc76   0x00000002   PAD
    0x0800cc78   0x0800cc78   0x0000000c   Code   RO         9336    i.__set_errno       mc_w.l(errno.o)
    0x0800cc84   0x0800cc84   0x00000088   Code   RO         6780    i._atan2            STemWin522_CM3_Keil.lib(gui_drawline.o)
    0x0800cd0c   0x0800cd0c   0x00000184   Code   RO         9251    i._fp_digits        mc_w.l(printfa.o)
    0x0800ce90   0x0800ce90   0x000006dc   Code   RO         9252    i._printf_core      mc_w.l(printfa.o)
    0x0800d56c   0x0800d56c   0x00000024   Code   RO         9253    i._printf_post_padding  mc_w.l(printfa.o)
    0x0800d590   0x0800d590   0x0000002e   Code   RO         9254    i._printf_pre_padding  mc_w.l(printfa.o)
    0x0800d5be   0x0800d5be   0x0000000a   Code   RO         9256    i._sputc            mc_w.l(printfa.o)
    0x0800d5c8   0x0800d5c8   0x00000268   Code   RO         4194    i.car2_park         manager.o
    0x0800d830   0x0800d830   0x00000264   Code   RO         4195    i.car2_pick         manager.o
    0x0800da94   0x0800da94   0x00000050   Code   RO         7358    i.cbBackWin         STemWin522_CM3_Keil.lib(wm.o)
    0x0800dae4   0x0800dae4   0x000004c8   Code   RO         4198    i.change            manager.o
    0x0800dfac   0x0800dfac   0x00000060   Code   RO         6152    i.check_fs          ff.o
    0x0800e00c   0x0800e00c   0x00000010   Code   RO         6153    i.chk_chr           ff.o
    0x0800e01c   0x0800e01c   0x0000006c   Code   RO         6154    i.chk_lock          ff.o
    0x0800e088   0x0800e088   0x00000024   Code   RO         6155    i.clear_lock        ff.o
    0x0800e0ac   0x0800e0ac   0x0000002a   Code   RO         6156    i.clmt_clust        ff.o
    0x0800e0d6   0x0800e0d6   0x0000001e   Code   RO         6157    i.clust2sect        ff.o
    0x0800e0f4   0x0800e0f4   0x000000b0   Code   RO         6158    i.create_chain      ff.o
    0x0800e1a4   0x0800e1a4   0x00000220   Code   RO         6159    i.create_name       ff.o
    0x0800e3c4   0x0800e3c4   0x0000003c   Code   RO         6160    i.dec_lock          ff.o
    0x0800e400   0x0800e400   0x00000140   Code   RO         6161    i.dir_find          ff.o
    0x0800e540   0x0800e540   0x0000011c   Code   RO         6162    i.dir_next          ff.o
    0x0800e65c   0x0800e65c   0x000001c4   Code   RO         6164    i.dir_register      ff.o
    0x0800e820   0x0800e820   0x00000098   Code   RO         6166    i.dir_sdi           ff.o
    0x0800e8b8   0x0800e8b8   0x00000028   Code   RO         6097    i.disk_initialize   diskio.o
    0x0800e8e0   0x0800e8e0   0x0000001c   Code   RO         6098    i.disk_ioctl        diskio.o
    0x0800e8fc   0x0800e8fc   0x0000001c   Code   RO         6099    i.disk_read         diskio.o
    0x0800e918   0x0800e918   0x00000018   Code   RO         6100    i.disk_status       diskio.o
    0x0800e930   0x0800e930   0x0000001c   Code   RO         6101    i.disk_write        diskio.o
    0x0800e94c   0x0800e94c   0x0000008a   Code   RO         7733    i.emWin_LCD_Init    STemWin522_CM3_Keil.lib(lcd.o)
    0x0800e9d6   0x0800e9d6   0x0000002a   Code   RO         6168    i.f_close           ff.o
    0x0800ea00   0x0800ea00   0x0000005c   Code   RO         6175    i.f_mount           ff.o
    0x0800ea5c   0x0800ea5c   0x000001a4   Code   RO         6176    i.f_open            ff.o
    0x0800ec00   0x0800ec00   0x000000b8   Code   RO         6185    i.f_sync            ff.o
    0x0800ecb8   0x0800ecb8   0x000001c4   Code   RO         6189    i.f_write           ff.o
    0x0800ee7c   0x0800ee7c   0x00000018   Code   RO         9304    i.fabs              m_wm.l(fabs.o)
    0x0800ee94   0x0800ee94   0x0000004c   Code   RO         6492    i.ff_convert        cc936.o
    0x0800eee0   0x0800eee0   0x00000024   Code   RO         6493    i.ff_wtoupper       cc936.o
    0x0800ef04   0x0800ef04   0x00000258   Code   RO         6190    i.find_volume       ff.o
    0x0800f15c   0x0800f15c   0x00000072   Code   RO         6191    i.follow_path       ff.o
    0x0800f1ce   0x0800f1ce   0x00000002   PAD
    0x0800f1d0   0x0800f1d0   0x00000018   Code   RO         5511    i.fputc             usart.o
    0x0800f1e8   0x0800f1e8   0x0000008c   Code   RO         6192    i.gen_numname       ff.o
    0x0800f274   0x0800f274   0x000000c2   Code   RO         6193    i.get_fat           ff.o
    0x0800f336   0x0800f336   0x00000004   Code   RO         5359    i.get_fattime       fatfs.o
    0x0800f33a   0x0800f33a   0x0000003c   Code   RO         6195    i.get_ldnumber      ff.o
    0x0800f376   0x0800f376   0x00000002   PAD
    0x0800f378   0x0800f378   0x000000a0   Code   RO         6196    i.inc_lock          ff.o
    0x0800f418   0x0800f418   0x00000014   Code   RO         6197    i.ld_clust          ff.o
    0x0800f42c   0x0800f42c   0x00000170   Code   RO         5145    i.main              main.o
    0x0800f59c   0x0800f59c   0x0000037c   Code   RO         4200    i.manager           manager.o
    0x0800f918   0x0800f918   0x00000010   Code   RO         6198    i.mem_cpy           ff.o
    0x0800f928   0x0800f928   0x0000000e   Code   RO         6199    i.mem_set           ff.o
    0x0800f936   0x0800f936   0x00000036   Code   RO         6200    i.move_window       ff.o
    0x0800f96c   0x0800f96c   0x0000004c   Code   RO         4457    i.pulse             motor.o
    0x0800f9b8   0x0800f9b8   0x000000f8   Code   RO         6201    i.put_fat           ff.o
    0x0800fab0   0x0800fab0   0x0000006e   Code   RO         6203    i.remove_chain      ff.o
    0x0800fb1e   0x0800fb1e   0x0000006e   Code   RO         8984    i.sqrt              m_wm.l(sqrt.o)
    0x0800fb8c   0x0800fb8c   0x00000010   Code   RO         6204    i.st_clust          ff.o
    0x0800fb9c   0x0800fb9c   0x0000001a   Code   RO         6205    i.sum_sfn           ff.o
    0x0800fbb6   0x0800fbb6   0x000000b6   Code   RO         6206    i.sync_fs           ff.o
    0x0800fc6c   0x0800fc6c   0x00000060   Code   RO         6207    i.sync_window       ff.o
    0x0800fccc   0x0800fccc   0x0000002c   Code   RO         6208    i.validate          ff.o
    0x0800fcf8   0x0800fcf8   0x00000004   Data   RO         4744    .constdata          touch.o
    0x0800fcfc   0x0800fcfc   0x00000014   Data   RO         6012    .constdata          sd_diskio.o
    0x0800fd10   0x0800fd10   0x0000003a   Data   RO         6210    .constdata          ff.o
    0x0800fd4a   0x0800fd4a   0x0002acc8   Data   RO         6494    .constdata          cc936.o
    0x0803aa12   0x0803aa12   0x00000010   Data   RO         6526    .constdata          system_stm32f4xx.o
    0x0803aa22   0x0803aa22   0x00000008   Data   RO         6527    .constdata          system_stm32f4xx.o
    0x0803aa2a   0x0803aa2a   0x00000002   PAD
    0x0803aa2c   0x0803aa2c   0x00000018   Data   RO         6563    .constdata          STemWin522_CM3_Keil.lib(guicc_565.o)
    0x0803aa44   0x0803aa44   0x00000008   Data   RO         6687    .constdata          STemWin522_CM3_Keil.lib(gui_core.o)
    0x0803aa4c   0x0803aa4c   0x00000044   Data   RO         6781    .constdata          STemWin522_CM3_Keil.lib(gui_drawline.o)
    0x0803aa90   0x0803aa90   0x00000034   Data   RO         6967    .constdata          STemWin522_CM3_Keil.lib(guidrv_flexcolor.o)
    0x0803aac4   0x0803aac4   0x00000040   Data   RO         6968    .constdata          STemWin522_CM3_Keil.lib(guidrv_flexcolor.o)
    0x0803ab04   0x0803ab04   0x00000518   Data   RO         7178    .constdata          STemWin522_CM3_Keil.lib(f6x8.o)
    0x0803b01c   0x0803b01c   0x000001c0   Data   RO         7179    .constdata          STemWin522_CM3_Keil.lib(f6x8.o)
    0x0803b1dc   0x0803b1dc   0x00000008   Data   RO         7180    .constdata          STemWin522_CM3_Keil.lib(f6x8.o)
    0x0803b1e4   0x0803b1e4   0x00000014   Data   RO         7181    .constdata          STemWin522_CM3_Keil.lib(f6x8.o)
    0x0803b1f8   0x0803b1f8   0x00000024   Data   RO         7182    .constdata          STemWin522_CM3_Keil.lib(f6x8.o)
    0x0803b21c   0x0803b21c   0x0000000c   Data   RO         7184    .constdata          STemWin522_CM3_Keil.lib(f8x12_ascii.o)
    0x0803b228   0x0803b228   0x0000000c   Data   RO         7185    .constdata          STemWin522_CM3_Keil.lib(f8x12_ascii.o)
    0x0803b234   0x0803b234   0x0000000c   Data   RO         7186    .constdata          STemWin522_CM3_Keil.lib(f8x12_ascii.o)
    0x0803b240   0x0803b240   0x0000000c   Data   RO         7187    .constdata          STemWin522_CM3_Keil.lib(f8x12_ascii.o)
    0x0803b24c   0x0803b24c   0x0000000c   Data   RO         7188    .constdata          STemWin522_CM3_Keil.lib(f8x12_ascii.o)
    0x0803b258   0x0803b258   0x0000000c   Data   RO         7189    .constdata          STemWin522_CM3_Keil.lib(f8x12_ascii.o)
    0x0803b264   0x0803b264   0x0000000c   Data   RO         7190    .constdata          STemWin522_CM3_Keil.lib(f8x12_ascii.o)
    0x0803b270   0x0803b270   0x0000000c   Data   RO         7191    .constdata          STemWin522_CM3_Keil.lib(f8x12_ascii.o)
    0x0803b27c   0x0803b27c   0x0000000c   Data   RO         7192    .constdata          STemWin522_CM3_Keil.lib(f8x12_ascii.o)
    0x0803b288   0x0803b288   0x0000000c   Data   RO         7193    .constdata          STemWin522_CM3_Keil.lib(f8x12_ascii.o)
    0x0803b294   0x0803b294   0x0000000c   Data   RO         7194    .constdata          STemWin522_CM3_Keil.lib(f8x12_ascii.o)
    0x0803b2a0   0x0803b2a0   0x0000000c   Data   RO         7195    .constdata          STemWin522_CM3_Keil.lib(f8x12_ascii.o)
    0x0803b2ac   0x0803b2ac   0x0000000c   Data   RO         7196    .constdata          STemWin522_CM3_Keil.lib(f8x12_ascii.o)
    0x0803b2b8   0x0803b2b8   0x0000000c   Data   RO         7197    .constdata          STemWin522_CM3_Keil.lib(f8x12_ascii.o)
    0x0803b2c4   0x0803b2c4   0x0000000c   Data   RO         7198    .constdata          STemWin522_CM3_Keil.lib(f8x12_ascii.o)
    0x0803b2d0   0x0803b2d0   0x0000000c   Data   RO         7199    .constdata          STemWin522_CM3_Keil.lib(f8x12_ascii.o)
    0x0803b2dc   0x0803b2dc   0x0000000c   Data   RO         7200    .constdata          STemWin522_CM3_Keil.lib(f8x12_ascii.o)
    0x0803b2e8   0x0803b2e8   0x0000000c   Data   RO         7201    .constdata          STemWin522_CM3_Keil.lib(f8x12_ascii.o)
    0x0803b2f4   0x0803b2f4   0x0000000c   Data   RO         7202    .constdata          STemWin522_CM3_Keil.lib(f8x12_ascii.o)
    0x0803b300   0x0803b300   0x0000000c   Data   RO         7203    .constdata          STemWin522_CM3_Keil.lib(f8x12_ascii.o)
    0x0803b30c   0x0803b30c   0x0000000c   Data   RO         7204    .constdata          STemWin522_CM3_Keil.lib(f8x12_ascii.o)
    0x0803b318   0x0803b318   0x0000000c   Data   RO         7205    .constdata          STemWin522_CM3_Keil.lib(f8x12_ascii.o)
    0x0803b324   0x0803b324   0x0000000c   Data   RO         7206    .constdata          STemWin522_CM3_Keil.lib(f8x12_ascii.o)
    0x0803b330   0x0803b330   0x0000000c   Data   RO         7207    .constdata          STemWin522_CM3_Keil.lib(f8x12_ascii.o)
    0x0803b33c   0x0803b33c   0x0000000c   Data   RO         7208    .constdata          STemWin522_CM3_Keil.lib(f8x12_ascii.o)
    0x0803b348   0x0803b348   0x0000000c   Data   RO         7209    .constdata          STemWin522_CM3_Keil.lib(f8x12_ascii.o)
    0x0803b354   0x0803b354   0x0000000c   Data   RO         7210    .constdata          STemWin522_CM3_Keil.lib(f8x12_ascii.o)
    0x0803b360   0x0803b360   0x0000000c   Data   RO         7211    .constdata          STemWin522_CM3_Keil.lib(f8x12_ascii.o)
    0x0803b36c   0x0803b36c   0x0000000c   Data   RO         7212    .constdata          STemWin522_CM3_Keil.lib(f8x12_ascii.o)
    0x0803b378   0x0803b378   0x0000000c   Data   RO         7213    .constdata          STemWin522_CM3_Keil.lib(f8x12_ascii.o)
    0x0803b384   0x0803b384   0x0000000c   Data   RO         7214    .constdata          STemWin522_CM3_Keil.lib(f8x12_ascii.o)
    0x0803b390   0x0803b390   0x0000000c   Data   RO         7215    .constdata          STemWin522_CM3_Keil.lib(f8x12_ascii.o)
    0x0803b39c   0x0803b39c   0x0000000c   Data   RO         7216    .constdata          STemWin522_CM3_Keil.lib(f8x12_ascii.o)
    0x0803b3a8   0x0803b3a8   0x0000000c   Data   RO         7217    .constdata          STemWin522_CM3_Keil.lib(f8x12_ascii.o)
    0x0803b3b4   0x0803b3b4   0x0000000c   Data   RO         7218    .constdata          STemWin522_CM3_Keil.lib(f8x12_ascii.o)
    0x0803b3c0   0x0803b3c0   0x0000000c   Data   RO         7219    .constdata          STemWin522_CM3_Keil.lib(f8x12_ascii.o)
    0x0803b3cc   0x0803b3cc   0x0000000c   Data   RO         7220    .constdata          STemWin522_CM3_Keil.lib(f8x12_ascii.o)
    0x0803b3d8   0x0803b3d8   0x0000000c   Data   RO         7221    .constdata          STemWin522_CM3_Keil.lib(f8x12_ascii.o)
    0x0803b3e4   0x0803b3e4   0x0000000c   Data   RO         7222    .constdata          STemWin522_CM3_Keil.lib(f8x12_ascii.o)
    0x0803b3f0   0x0803b3f0   0x0000000c   Data   RO         7223    .constdata          STemWin522_CM3_Keil.lib(f8x12_ascii.o)
    0x0803b3fc   0x0803b3fc   0x0000000c   Data   RO         7224    .constdata          STemWin522_CM3_Keil.lib(f8x12_ascii.o)
    0x0803b408   0x0803b408   0x0000000c   Data   RO         7225    .constdata          STemWin522_CM3_Keil.lib(f8x12_ascii.o)
    0x0803b414   0x0803b414   0x0000000c   Data   RO         7226    .constdata          STemWin522_CM3_Keil.lib(f8x12_ascii.o)
    0x0803b420   0x0803b420   0x0000000c   Data   RO         7227    .constdata          STemWin522_CM3_Keil.lib(f8x12_ascii.o)
    0x0803b42c   0x0803b42c   0x0000000c   Data   RO         7228    .constdata          STemWin522_CM3_Keil.lib(f8x12_ascii.o)
    0x0803b438   0x0803b438   0x0000000c   Data   RO         7229    .constdata          STemWin522_CM3_Keil.lib(f8x12_ascii.o)
    0x0803b444   0x0803b444   0x0000000c   Data   RO         7230    .constdata          STemWin522_CM3_Keil.lib(f8x12_ascii.o)
    0x0803b450   0x0803b450   0x0000000c   Data   RO         7231    .constdata          STemWin522_CM3_Keil.lib(f8x12_ascii.o)
    0x0803b45c   0x0803b45c   0x0000000c   Data   RO         7232    .constdata          STemWin522_CM3_Keil.lib(f8x12_ascii.o)
    0x0803b468   0x0803b468   0x0000000c   Data   RO         7233    .constdata          STemWin522_CM3_Keil.lib(f8x12_ascii.o)
    0x0803b474   0x0803b474   0x0000000c   Data   RO         7234    .constdata          STemWin522_CM3_Keil.lib(f8x12_ascii.o)
    0x0803b480   0x0803b480   0x0000000c   Data   RO         7235    .constdata          STemWin522_CM3_Keil.lib(f8x12_ascii.o)
    0x0803b48c   0x0803b48c   0x0000000c   Data   RO         7236    .constdata          STemWin522_CM3_Keil.lib(f8x12_ascii.o)
    0x0803b498   0x0803b498   0x0000000c   Data   RO         7237    .constdata          STemWin522_CM3_Keil.lib(f8x12_ascii.o)
    0x0803b4a4   0x0803b4a4   0x0000000c   Data   RO         7238    .constdata          STemWin522_CM3_Keil.lib(f8x12_ascii.o)
    0x0803b4b0   0x0803b4b0   0x0000000c   Data   RO         7239    .constdata          STemWin522_CM3_Keil.lib(f8x12_ascii.o)
    0x0803b4bc   0x0803b4bc   0x0000000c   Data   RO         7240    .constdata          STemWin522_CM3_Keil.lib(f8x12_ascii.o)
    0x0803b4c8   0x0803b4c8   0x0000000c   Data   RO         7241    .constdata          STemWin522_CM3_Keil.lib(f8x12_ascii.o)
    0x0803b4d4   0x0803b4d4   0x0000000c   Data   RO         7242    .constdata          STemWin522_CM3_Keil.lib(f8x12_ascii.o)
    0x0803b4e0   0x0803b4e0   0x0000000c   Data   RO         7243    .constdata          STemWin522_CM3_Keil.lib(f8x12_ascii.o)
    0x0803b4ec   0x0803b4ec   0x0000000c   Data   RO         7244    .constdata          STemWin522_CM3_Keil.lib(f8x12_ascii.o)
    0x0803b4f8   0x0803b4f8   0x0000000c   Data   RO         7245    .constdata          STemWin522_CM3_Keil.lib(f8x12_ascii.o)
    0x0803b504   0x0803b504   0x0000000c   Data   RO         7246    .constdata          STemWin522_CM3_Keil.lib(f8x12_ascii.o)
    0x0803b510   0x0803b510   0x0000000c   Data   RO         7247    .constdata          STemWin522_CM3_Keil.lib(f8x12_ascii.o)
    0x0803b51c   0x0803b51c   0x0000000c   Data   RO         7248    .constdata          STemWin522_CM3_Keil.lib(f8x12_ascii.o)
    0x0803b528   0x0803b528   0x0000000c   Data   RO         7249    .constdata          STemWin522_CM3_Keil.lib(f8x12_ascii.o)
    0x0803b534   0x0803b534   0x0000000c   Data   RO         7250    .constdata          STemWin522_CM3_Keil.lib(f8x12_ascii.o)
    0x0803b540   0x0803b540   0x0000000c   Data   RO         7251    .constdata          STemWin522_CM3_Keil.lib(f8x12_ascii.o)
    0x0803b54c   0x0803b54c   0x0000000c   Data   RO         7252    .constdata          STemWin522_CM3_Keil.lib(f8x12_ascii.o)
    0x0803b558   0x0803b558   0x0000000c   Data   RO         7253    .constdata          STemWin522_CM3_Keil.lib(f8x12_ascii.o)
    0x0803b564   0x0803b564   0x0000000c   Data   RO         7254    .constdata          STemWin522_CM3_Keil.lib(f8x12_ascii.o)
    0x0803b570   0x0803b570   0x0000000c   Data   RO         7255    .constdata          STemWin522_CM3_Keil.lib(f8x12_ascii.o)
    0x0803b57c   0x0803b57c   0x0000000c   Data   RO         7256    .constdata          STemWin522_CM3_Keil.lib(f8x12_ascii.o)
    0x0803b588   0x0803b588   0x0000000c   Data   RO         7257    .constdata          STemWin522_CM3_Keil.lib(f8x12_ascii.o)
    0x0803b594   0x0803b594   0x0000000c   Data   RO         7258    .constdata          STemWin522_CM3_Keil.lib(f8x12_ascii.o)
    0x0803b5a0   0x0803b5a0   0x0000000c   Data   RO         7259    .constdata          STemWin522_CM3_Keil.lib(f8x12_ascii.o)
    0x0803b5ac   0x0803b5ac   0x0000000c   Data   RO         7260    .constdata          STemWin522_CM3_Keil.lib(f8x12_ascii.o)
    0x0803b5b8   0x0803b5b8   0x0000000c   Data   RO         7261    .constdata          STemWin522_CM3_Keil.lib(f8x12_ascii.o)
    0x0803b5c4   0x0803b5c4   0x0000000c   Data   RO         7262    .constdata          STemWin522_CM3_Keil.lib(f8x12_ascii.o)
    0x0803b5d0   0x0803b5d0   0x0000000c   Data   RO         7263    .constdata          STemWin522_CM3_Keil.lib(f8x12_ascii.o)
    0x0803b5dc   0x0803b5dc   0x0000000c   Data   RO         7264    .constdata          STemWin522_CM3_Keil.lib(f8x12_ascii.o)
    0x0803b5e8   0x0803b5e8   0x0000000c   Data   RO         7265    .constdata          STemWin522_CM3_Keil.lib(f8x12_ascii.o)
    0x0803b5f4   0x0803b5f4   0x0000000c   Data   RO         7266    .constdata          STemWin522_CM3_Keil.lib(f8x12_ascii.o)
    0x0803b600   0x0803b600   0x0000000c   Data   RO         7267    .constdata          STemWin522_CM3_Keil.lib(f8x12_ascii.o)
    0x0803b60c   0x0803b60c   0x0000000c   Data   RO         7268    .constdata          STemWin522_CM3_Keil.lib(f8x12_ascii.o)
    0x0803b618   0x0803b618   0x0000000c   Data   RO         7269    .constdata          STemWin522_CM3_Keil.lib(f8x12_ascii.o)
    0x0803b624   0x0803b624   0x0000000c   Data   RO         7270    .constdata          STemWin522_CM3_Keil.lib(f8x12_ascii.o)
    0x0803b630   0x0803b630   0x0000000c   Data   RO         7271    .constdata          STemWin522_CM3_Keil.lib(f8x12_ascii.o)
    0x0803b63c   0x0803b63c   0x0000000c   Data   RO         7272    .constdata          STemWin522_CM3_Keil.lib(f8x12_ascii.o)
    0x0803b648   0x0803b648   0x0000000c   Data   RO         7273    .constdata          STemWin522_CM3_Keil.lib(f8x12_ascii.o)
    0x0803b654   0x0803b654   0x0000000c   Data   RO         7274    .constdata          STemWin522_CM3_Keil.lib(f8x12_ascii.o)
    0x0803b660   0x0803b660   0x0000000c   Data   RO         7275    .constdata          STemWin522_CM3_Keil.lib(f8x12_ascii.o)
    0x0803b66c   0x0803b66c   0x0000000c   Data   RO         7276    .constdata          STemWin522_CM3_Keil.lib(f8x12_ascii.o)
    0x0803b678   0x0803b678   0x0000000c   Data   RO         7277    .constdata          STemWin522_CM3_Keil.lib(f8x12_ascii.o)
    0x0803b684   0x0803b684   0x0000000c   Data   RO         7278    .constdata          STemWin522_CM3_Keil.lib(f8x12_ascii.o)
    0x0803b690   0x0803b690   0x0000000c   Data   RO         7279    .constdata          STemWin522_CM3_Keil.lib(f8x12_ascii.o)
    0x0803b69c   0x0803b69c   0x00000300   Data   RO         7280    .constdata          STemWin522_CM3_Keil.lib(f8x12_ascii.o)
    0x0803b99c   0x0803b99c   0x0000000c   Data   RO         7281    .constdata          STemWin522_CM3_Keil.lib(f8x12_ascii.o)
    0x0803b9a8   0x0803b9a8   0x00000024   Data   RO         7282    .constdata          STemWin522_CM3_Keil.lib(f8x12_ascii.o)
    0x0803b9cc   0x0803b9cc   0x00000100   Data   RO         7421    .constdata          STemWin522_CM3_Keil.lib(gui__divtbl_255_31.o)
    0x0803bacc   0x0803bacc   0x00000100   Data   RO         7422    .constdata          STemWin522_CM3_Keil.lib(gui__divtbl_255_63.o)
    0x0803bbcc   0x0803bbcc   0x00000020   Data   RO         7423    .constdata          STemWin522_CM3_Keil.lib(gui__divtbl_31_255.o)
    0x0803bbec   0x0803bbec   0x00000040   Data   RO         7424    .constdata          STemWin522_CM3_Keil.lib(gui__divtbl_63_255.o)
    0x0803bc2c   0x0803bc2c   0x00000028   Data   RO         7445    .constdata          STemWin522_CM3_Keil.lib(gui_adddecshift.o)
    0x0803bc54   0x0803bc54   0x00000010   Data   RO         7695    .constdata          STemWin522_CM3_Keil.lib(gui_uc_encodenone.o)
    0x0803bc64   0x0803bc64   0x0000000c   Data   RO         7734    .constdata          STemWin522_CM3_Keil.lib(lcd.o)
    0x0803bc70   0x0803bc70   0x00000074   Data   RO         7885    .constdata          STemWin522_CM3_Keil.lib(guidev_16.o)
    0x0803bce4   0x0803bce4   0x00000018   Data   RO         8307    .constdata          STemWin522_CM3_Keil.lib(guicc_0.o)
    0x0803bcfc   0x0803bcfc   0x00000100   Data   RO         8324    .constdata          STemWin522_CM3_Keil.lib(lcd_mirror.o)
    0x0803bdfc   0x0803bdfc   0x00000008   Data   RO         8605    .constdata          STemWin522_CM3_Keil.lib(guidev_writetoactiveopaque.o)
    0x0803be04   0x0803be04   0x00000004   PAD
    0x0803be08   0x0803be08   0x00000088   Data   RO         8971    .constdata          m_wm.l(pow.o)
    0x0803be90   0x0803be90   0x00000008   Data   RO         9312    .constdata          m_wm.l(qnan.o)
    0x0803be98   0x0803be98   0x00000081   Data   RO         9365    .constdata          mc_w.l(ctype_o.o)
    0x0803bf19   0x0803bf19   0x00000003   PAD
    0x0803bf1c   0x0803bf1c   0x00000004   Data   RO         9366    .constdata          mc_w.l(ctype_o.o)
    0x0803bf20   0x0803bf20   0x00000079   Data   RO         4745    .conststring        touch.o
    0x0803bf99   0x0803bf99   0x00000003   PAD
    0x0803bf9c   0x0803bf9c   0x00000020   Data   RO         9396    Region$$Table       anon$$obj.o


    Execution Region RW_IRAM1 (Exec base: 0x20000000, Load base: 0x0803bfbc, Size: 0x0000fbc8, Max: 0x00020000, ABSOLUTE, COMPRESSED[0x00000100])

    Exec Addr    Load Addr    Size         Type   Attr      Idx    E Section Name        Object

    0x20000000   COMPRESSED   0x00000004   Data   RW          785    .data               stm32f4xx_hal.o
    0x20000004   COMPRESSED   0x00000006   Data   RW         3846    .data               ili93xx.o
    0x2000000a   COMPRESSED   0x000000b0   Data   RW         3962    .data               ov7725.o
    0x200000ba   COMPRESSED   0x00000001   Data   RW         4126    .data               bsp_bmp.o
    0x200000bb   COMPRESSED   0x00000001   Data   RW         4202    .data               manager.o
    0x200000bc   COMPRESSED   0x0000000c   Data   RW         4458    .data               motor.o
    0x200000c8   COMPRESSED   0x00000006   Data   RW         4502    .data               rc522_app.o
    0x200000ce   COMPRESSED   0x00000002   PAD
    0x200000d0   COMPRESSED   0x00000038   Data   RW         4746    .data               touch.o
    0x20000108   COMPRESSED   0x00000008   Data   RW         4977    .data               crc.o
    0x20000110   COMPRESSED   0x00000005   Data   RW         5360    .data               fatfs.o
    0x20000115   COMPRESSED   0x00000003   PAD
    0x20000118   COMPRESSED   0x00000008   Data   RW         5741    .data               fsmc.o
    0x20000120   COMPRESSED   0x00000004   Data   RW         5867    .data               gui_x.o
    0x20000124   COMPRESSED   0x00000001   Data   RW         6013    .data               sd_diskio.o
    0x20000125   COMPRESSED   0x00000003   PAD
    0x20000128   COMPRESSED   0x00000008   Data   RW         6211    .data               ff.o
    0x20000130   COMPRESSED   0x00000004   Data   RW         6528    .data               system_stm32f4xx.o
    0x20000134   COMPRESSED   0x00000008   Data   RW         6611    .data               STemWin522_CM3_Keil.lib(gui_alloc.o)
    0x2000013c   COMPRESSED   0x0000002c   Data   RW         6688    .data               STemWin522_CM3_Keil.lib(gui_core.o)
    0x20000168   COMPRESSED   0x00000004   Data   RW         6691    .data               STemWin522_CM3_Keil.lib(gui_core.o)
    0x2000016c   COMPRESSED   0x00000004   Data   RW         6692    .data               STemWin522_CM3_Keil.lib(gui_core.o)
    0x20000170   COMPRESSED   0x00000002   Data   RW         6693    .data               STemWin522_CM3_Keil.lib(gui_core.o)
    0x20000172   COMPRESSED   0x00000002   Data   RW         6694    .data               STemWin522_CM3_Keil.lib(gui_core.o)
    0x20000174   COMPRESSED   0x00000030   Data   RW         6836    .data               STemWin522_CM3_Keil.lib(gui_touch_driveranalog.o)
    0x200001a4   COMPRESSED   0x0000001c   Data   RW         6969    .data               STemWin522_CM3_Keil.lib(guidrv_flexcolor.o)
    0x200001c0   COMPRESSED   0x00000008   Data   RW         7061    .data               STemWin522_CM3_Keil.lib(guidrv_flexcolor_func66709.o)
    0x200001c8   COMPRESSED   0x00000058   Data   RW         7360    .data               STemWin522_CM3_Keil.lib(wm.o)
    0x20000220   COMPRESSED   0x00000008   Data   RW         7431    .data               STemWin522_CM3_Keil.lib(gui__managecache.o)
    0x20000228   COMPRESSED   0x00000004   Data   RW         7457    .data               STemWin522_CM3_Keil.lib(gui_charline.o)
    0x2000022c   COMPRESSED   0x00000004   Data   RW         7503    .data               STemWin522_CM3_Keil.lib(gui_fillpolygon.o)
    0x20000230   COMPRESSED   0x0000000c   Data   RW         7521    .data               STemWin522_CM3_Keil.lib(gui_onkey.o)
    0x2000023c   COMPRESSED   0x0000000c   Data   RW         7707    .data               STemWin522_CM3_Keil.lib(gui_waitevent.o)
    0x20000248   COMPRESSED   0x00000004   Data   RW         7735    .data               STemWin522_CM3_Keil.lib(lcd.o)
    0x2000024c   COMPRESSED   0x00000010   Data   RW         7761    .data               STemWin522_CM3_Keil.lib(lcd_color.o)
    0x2000025c   COMPRESSED   0x00000004   Data   RW         8056    .data               STemWin522_CM3_Keil.lib(wm__sendmessage.o)
    0x20000260   COMPRESSED   0x00000004   Data   RW         9327    .data               mc_w.l(stdout.o)
    0x20000264   COMPRESSED   0x00000004   Data   RW         9337    .data               mc_w.l(errno.o)
    0x20000268        -       0x000005ec   Zero   RW         4124    .bss                bsp_bmp.o
    0x20000854        -       0x000014b5   Zero   RW         4201    .bss                manager.o
    0x20001d09   COMPRESSED   0x00000003   PAD
    0x20001d0c        -       0x00000058   Zero   RW         4568    .bss                rc522_config.o
    0x20001d64        -       0x00000020   Zero   RW         5019    .bss                rtc.o
    0x20001d84        -       0x000000b0   Zero   RW         5398    .bss                spi.o
    0x20001e34        -       0x00000084   Zero   RW         5469    .bss                sdio.o
    0x20001eb8        -       0x00000040   Zero   RW         5512    .bss                usart.o
    0x20001ef8        -       0x0000003c   Zero   RW         5560    .bss                tim.o
    0x20001f34        -       0x00000050   Zero   RW         5740    .bss                fsmc.o
    0x20001f84        -       0x0000c800   Zero   RW         5785    .bss                guiconf.o
    0x2000e784        -       0x0000000c   Zero   RW         5961    .bss                ff_gen_drv.o
    0x2000e790        -       0x00000218   Zero   RW         6209    .bss                ff.o
    0x2000e9a8        -       0x000000c8   Zero   RW         6610    .bss                STemWin522_CM3_Keil.lib(gui_alloc.o)
    0x2000ea70        -       0x00000078   Zero   RW         6686    .bss                STemWin522_CM3_Keil.lib(gui_core.o)
    0x2000eae8        -       0x00000010   Zero   RW         6835    .bss                STemWin522_CM3_Keil.lib(gui_touch_driveranalog.o)
    0x2000eaf8        -       0x00000018   Zero   RW         7359    .bss                STemWin522_CM3_Keil.lib(wm.o)
    0x2000eb10        -       0x00000018   Zero   RW         7502    .bss                STemWin522_CM3_Keil.lib(gui_fillpolygon.o)
    0x2000eb28        -       0x00000058   Zero   RW         7520    .bss                STemWin522_CM3_Keil.lib(gui_onkey.o)
    0x2000eb80        -       0x00000048   Zero   RW         8111    .bss                STemWin522_CM3_Keil.lib(wm_touch.o)
    0x2000ebc8        -       0x00001000   Zero   RW            1    STACK               startup_stm32f407xx.o


==============================================================================

Image component sizes


      Code (inc. data)   RO Data    RW Data    ZI Data      Debug   Object Name

       424         82          0          1       1516       7346   bsp_bmp.o
       152         24          0          0          0       3674   bsp_driver_sd.o
       112         16     175304          0          0       2351   cc936.o
        76         18          0          8          0       1583   crc.o
       148         24          0          0          0       3885   diskio.o
        32         10          0          5          0       1506   fatfs.o
      5600         84         58          8        536      39090   ff.o
        70          4          0          0         12       1707   ff_gen_drv.o
       216         28          0          8         80       2327   fsmc.o
       332         22          0          0          0       1143   gpio.o
         4          0          0          4          0       1190   gui_x.o
        32         10          0          0      51200        579   guiconf.o
       788         50          0          6          0       6919   ili93xx.o
       268         46          0          0          0       6744   lcdconf_flexcolor_template.o
       546        142          0          0          0       4592   main.o
      3812        894          0          1       5301     784075   manager.o
       116         36          0         12          0       1827   motor.o
      1574        354          0        176          0      13156   ov7725.o
       468        116          0          6          0       4531   rc522_app.o
        88         14          0          0         88        831   rc522_config.o
      1502         26          0          0          0      14343   rc522_function.o
        76         16          0          0         32       1535   rtc.o
       704         24          0          0          0       5109   sccb.o
       264         34         20          1          0       4788   sd_diskio.o
       132         24          0          0        132       1653   sdio.o
       252         34          0          0        176       2366   spi.o
       652         36          0          0          0       6523   spi_flash.o
        36          8        392          0       4096        860   startup_stm32f407xx.o
       148         22          0          4          0       4599   stm32f4xx_hal.o
       228         14          0          0          0      32329   stm32f4xx_hal_cortex.o
        38          0          0          0          0       1103   stm32f4xx_hal_crc.o
         0          0          0          0          0     730560   stm32f4xx_hal_flash_ex.o
       468         46          0          0          0       3291   stm32f4xx_hal_gpio.o
        88          0          0          0          0        546   stm32f4xx_hal_msp.o
      1384         84          0          0          0       5968   stm32f4xx_hal_rcc.o
       340         22          0          0          0       1500   stm32f4xx_hal_rcc_ex.o
       386         18          0          0          0       4307   stm32f4xx_hal_rtc.o
      2406          4          0          0          0      13664   stm32f4xx_hal_sd.o
      1124          0          0          0          0       5828   stm32f4xx_hal_spi.o
        86          0          0          0          0       1260   stm32f4xx_hal_sram.o
      1450         98          0          0          0      12835   stm32f4xx_hal_tim.o
        84          0          0          0          0       2558   stm32f4xx_hal_tim_ex.o
      1066          8          0          0          0       4256   stm32f4xx_hal_uart.o
        56         12          0          0          0       4840   stm32f4xx_it.o
       216         12          0          0          0       2795   stm32f4xx_ll_fsmc.o
      1612         44          0          0          0      23443   stm32f4xx_ll_sdmmc.o
         0          0          0          0          0        528   syscall.o
        84         18         24          4          0       1231   system_stm32f4xx.o
       232         18          0          0         60       2383   tim.o
      2654        368        125         56          0      57226   touch.o
       156         24          0          0         64       2282   usart.o

    ----------------------------------------------------------------------
     32812       2988     175960        308      63296    1845565   Object Totals
         0          0         32          0          0          0   (incl. Generated)
        30          0          5          8          3          0   (incl. Padding)

    ----------------------------------------------------------------------

      Code (inc. data)   RO Data    RW Data    ZI Data      Debug   Library Member Name

         0          0       1816          0          0          0   f6x8.o
         0          0       1968          0          0          0   f8x12_ascii.o
       124          4          0          0          0         84   gui_2dlib.o
       296          0          0          0          0         76   gui__compactpixelindices.o
         0          0        256          0          0          0   gui__divtbl_255_31.o
         0          0        256          0          0          0   gui__divtbl_255_63.o
         0          0         32          0          0          0   gui__divtbl_31_255.o
         0          0         64          0          0          0   gui__divtbl_63_255.o
        58          0          0          0          0         68   gui__intersectrect.o
        82          0          0          0          0         80   gui__intersectrects.o
       188          8          0          8          0        152   gui__managecache.o
        76          0          0          0          0         76   gui__memset.o
        58          0          0          0          0         76   gui__memset16.o
       152         10         40          0          0         84   gui_adddecshift.o
      1634         88          0          8        200       1548   gui_alloc.o
        36          0          0          0          0         80   gui_alloc_alloczero.o
        68          0          0          0          0         76   gui_calccolordist.o
       124         28          0          0          0        348   gui_char.o
       458         36          0          4          0        472   gui_charline.o
       394         10          0          0          0        300   gui_charm.o
       308         10          0          0          0        384   gui_charp.o
       532         14          0          0          0        368   gui_circ.o
       460         78          8         56        120        620   gui_core.o
       340         22          0          0          0        516   gui_device.o
       256          4          0          0          0         88   gui_dispstring.o
        16          4          0          0          0         68   gui_dispstringat.o
      1176         32         68          0          0        824   gui_drawline.o
        64          4          0          0          0         80   gui_drawpixel.o
        32          4          0          0          0         68   gui_drawpoint.o
       536         24          0          4         24        176   gui_fillpolygon.o
        28          0          0          0          0        160   gui_getcolor.o
        52         12          0          0          0        216   gui_goto.o
        88          0          0          0          0         76   gui_mergerect.o
        30          0          0          0          0         68   gui_moverect.o
        16          4          0         12         88         68   gui_onkey.o
        56          0          0          0          0         68   gui_rectsintersect.o
        36          8          0          0          0         80   gui_selectlayer.o
        18          0          0          0          0         80   gui_selectlcd.o
         8          0          0          0          0        136   gui_setcolor.o
        20          6          0          0          0         68   gui_setfont.o
        56         18          0          0          0         80   gui_setorg.o
       260         30          0         48         16        304   gui_touch_driveranalog.o
        84         10          0          0          0        168   gui_uc.o
        18          0         16          0          0        272   gui_uc_encodenone.o
        34          0          0          0          0         80   gui_val.o
        16          4          0         12          0         68   gui_waitevent.o
       198          0         24          0          0        244   guicc_0.o
       174         28         24          0          0        312   guicc_565.o
        44         10          0          0          0         76   guicc_565_index2color.o
       100          6          0          0          0        160   guidev.o
      2268         60        116          0          0       1324   guidev_16.o
        22          0          0          0          0         80   guidev_getdataptr.o
        76          0          0          0          0        164   guidev_usage.o
      1698         18          8          0          0        384   guidev_writetoactiveopaque.o
      1472         74        116         28          0       3308   guidrv_flexcolor.o
      1684         60          0          0          0        856   guidrv_flexcolor_16bpp_c0b16.o
       872         56          0          8          0       1160   guidrv_flexcolor_func66709.o
      1734        118         12          4          0       1428   lcd.o
       260         26          0         16          0        388   lcd_color.o
        32         12          0          0          0        136   lcd_getcolorindex.o
       304         24          0          0          0        920   lcd_getex.o
        26          0          0          0          0         80   lcd_getnumdisplays.o
         0          0        256          0          0          0   lcd_mirror.o
        68         10          0          0          0         80   lcd_selectlcd.o
       132          0          0          0          0        252   lcd_set.o
        48         10          0          0          0         80   lcd_setcliprectex.o
        36          4          0          0          0         80   lcd_updatecolorindices.o
      2952        128          0         88         24       2556   wm.o
        18          0          0          0          0         76   wm__getfirstsibling.o
        36          0          0          0          0         80   wm__getprevsibling.o
        60          6          0          4          0         88   wm__sendmessage.o
       126          0          0          0          0         92   wm_bringtobottom.o
        16          6          0          0          0         68   wm_criticalhandle.o
        32          0          0          0          0         80   wm_getclientrect.o
        24         10          0          0          0         68   wm_getdesktopwindow.o
        14          0          0          0          0         76   wm_getfirstchild.o
        14          0          0          0          0         76   wm_getparent.o
        30          0          0          0          0         92   wm_sendtoparent.o
         0          0          0          0         72          0   wm_touch.o
       164         44          0          0          0        620   dunder.o
        24          0          0          0          0        124   fabs.o
        48          0          0          0          0        124   fpclassify.o
       248          0          0          0          0        152   poly.o
      3152        296        136          0          0        352   pow.o
         0          0          8          0          0          0   qnan.o
       232          0          0          0          0        296   sqrt.o
        86          0          0          0          0          0   __dczerorl2.o
       144          0          0          0          0         88   __strtoll.o
        28          0          0          0          0         68   _chval.o
       194          0          0          0          0         96   _strtoull.o
        26          0          0          0          0         80   atoll.o
         8          4        133          0          0         68   ctype_o.o
         0          0          0          0          0          0   entry.o
         0          0          0          0          0          0   entry10a.o
         0          0          0          0          0          0   entry11a.o
         8          4          0          0          0          0   entry2.o
         4          0          0          0          0          0   entry5.o
         0          0          0          0          0          0   entry7b.o
         0          0          0          0          0          0   entry8b.o
         8          4          0          0          0          0   entry9a.o
        20         10          0          4          0        136   errno.o
        30          0          0          0          0          0   handlers.o
        36          8          0          0          0         68   init.o
         0          0          0          0          0          0   iusefp.o
        30          0          0          0          0         68   llshl.o
        36          0          0          0          0         68   llsshr.o
        32          0          0          0          0         68   llushr.o
        26          0          0          0          0         80   memcmp.o
        64          0          0          0          0         76   memmovea.o
        36          0          0          0          0        108   memseta.o
      2308         96          0          0          0        604   printfa.o
         0          0          0          4          0          0   stdout.o
        18          0          0          0          0         68   strcpy.o
        44          0          0          0          0         80   uidiv.o
        98          0          0          0          0         92   uldiv.o
        48          0          0          0          0         68   cdcmple.o
        48          0          0          0          0         68   cdrcmple.o
       334          0          0          0          0        148   dadd.o
       222          0          0          0          0        100   ddiv.o
       186          0          0          0          0        176   depilogue.o
        50          0          0          0          0         76   dfixui.o
        48          0          0          0          0         68   dfixul.o
        34          0          0          0          0         76   dflti.o
        26          0          0          0          0         76   dfltui.o
       228          0          0          0          0         96   dmul.o
        46          0          0          0          0         80   dscalb.o
       162          0          0          0          0        100   dsqrt.o
        38          0          0          0          0         68   f2d.o

    ----------------------------------------------------------------------
     31556       1608       5364        308        544      28352   Library Totals
        76          4          7          0          0          0   (incl. Padding)

    ----------------------------------------------------------------------

      Code (inc. data)   RO Data    RW Data    ZI Data      Debug   Library Name

     22858       1138       5080        300        544      23568   STemWin522_CM3_Keil.lib
      3868        340        144          0          0       1668   m_wm.l
      3284        126        133          8          0       1916   mc_w.l
      1470          0          0          0          0       1200   mf_w.l

    ----------------------------------------------------------------------
     31556       1608       5364        308        544      28352   Library Totals

    ----------------------------------------------------------------------

==============================================================================


      Code (inc. data)   RO Data    RW Data    ZI Data      Debug   

     64368       4596     181324        616      63840    1828737   Grand Totals
     64368       4596     181324        256      63840    1828737   ELF Image Totals (compressed)
     64368       4596     181324        256          0          0   ROM Totals

==============================================================================

    Total RO  Size (Code + RO Data)               245692 ( 239.93kB)
    Total RW  Size (RW Data + ZI Data)             64456 (  62.95kB)
    Total ROM Size (Code + RO Data + RW Data)     245948 ( 240.18kB)

==============================================================================

